Archive member included because of file (symbol)

h:/program files (x86)/gnu tools arm embedded/4.9 2014q4/bin/../lib/gcc/arm-none-eabi/4.9.3/../../../../arm-none-eabi/lib/armv7-m\libg.a(lib_a-memcmp.o)
                              ..\obj\ff.o (memcmp)
h:/program files (x86)/gnu tools arm embedded/4.9 2014q4/bin/../lib/gcc/arm-none-eabi/4.9.3/../../../../arm-none-eabi/lib/armv7-m\libg.a(lib_a-memcpy.o)
                              ..\obj\uart.o (memcpy)
h:/program files (x86)/gnu tools arm embedded/4.9 2014q4/bin/../lib/gcc/arm-none-eabi/4.9.3/../../../../arm-none-eabi/lib/armv7-m\libg.a(lib_a-memset.o)
                              ..\obj\ff.o (memset)
h:/program files (x86)/gnu tools arm embedded/4.9 2014q4/bin/../lib/gcc/arm-none-eabi/4.9.3/../../../../arm-none-eabi/lib/armv7-m\libg.a(lib_a-sprintf.o)
                              ..\obj\main.o (sprintf)
h:/program files (x86)/gnu tools arm embedded/4.9 2014q4/bin/../lib/gcc/arm-none-eabi/4.9.3/../../../../arm-none-eabi/lib/armv7-m\libg.a(lib_a-sscanf.o)
                              ..\obj\main.o (sscanf)
h:/program files (x86)/gnu tools arm embedded/4.9 2014q4/bin/../lib/gcc/arm-none-eabi/4.9.3/../../../../arm-none-eabi/lib/armv7-m\libg.a(lib_a-stdio.o)
                              h:/program files (x86)/gnu tools arm embedded/4.9 2014q4/bin/../lib/gcc/arm-none-eabi/4.9.3/../../../../arm-none-eabi/lib/armv7-m\libg.a(lib_a-sscanf.o) (__seofread)
h:/program files (x86)/gnu tools arm embedded/4.9 2014q4/bin/../lib/gcc/arm-none-eabi/4.9.3/../../../../arm-none-eabi/lib/armv7-m\libg.a(lib_a-strchr.o)
                              ..\obj\main.o (strchr)
h:/program files (x86)/gnu tools arm embedded/4.9 2014q4/bin/../lib/gcc/arm-none-eabi/4.9.3/../../../../arm-none-eabi/lib/armv7-m\libg.a(lib_a-strcpy.o)
                              ..\obj\main.o (strcpy)
h:/program files (x86)/gnu tools arm embedded/4.9 2014q4/bin/../lib/gcc/arm-none-eabi/4.9.3/../../../../arm-none-eabi/lib/armv7-m\libg.a(lib_a-strlen.o)
                              ..\obj\main.o (strlen)
h:/program files (x86)/gnu tools arm embedded/4.9 2014q4/bin/../lib/gcc/arm-none-eabi/4.9.3/../../../../arm-none-eabi/lib/armv7-m\libg.a(lib_a-strstr.o)
                              ..\obj\main.o (strstr)
h:/program files (x86)/gnu tools arm embedded/4.9 2014q4/bin/../lib/gcc/arm-none-eabi/4.9.3/../../../../arm-none-eabi/lib/armv7-m\libg.a(lib_a-strtok.o)
                              ..\obj\main.o (strtok)
h:/program files (x86)/gnu tools arm embedded/4.9 2014q4/bin/../lib/gcc/arm-none-eabi/4.9.3/../../../../arm-none-eabi/lib/armv7-m\libg.a(lib_a-strtok_r.o)
                              h:/program files (x86)/gnu tools arm embedded/4.9 2014q4/bin/../lib/gcc/arm-none-eabi/4.9.3/../../../../arm-none-eabi/lib/armv7-m\libg.a(lib_a-strtok.o) (__strtok_r)
h:/program files (x86)/gnu tools arm embedded/4.9 2014q4/bin/../lib/gcc/arm-none-eabi/4.9.3/../../../../arm-none-eabi/lib/armv7-m\libg.a(lib_a-svfprintf.o)
                              h:/program files (x86)/gnu tools arm embedded/4.9 2014q4/bin/../lib/gcc/arm-none-eabi/4.9.3/../../../../arm-none-eabi/lib/armv7-m\libg.a(lib_a-sprintf.o) (_svfprintf_r)
h:/program files (x86)/gnu tools arm embedded/4.9 2014q4/bin/../lib/gcc/arm-none-eabi/4.9.3/../../../../arm-none-eabi/lib/armv7-m\libg.a(lib_a-svfscanf.o)
                              h:/program files (x86)/gnu tools arm embedded/4.9 2014q4/bin/../lib/gcc/arm-none-eabi/4.9.3/../../../../arm-none-eabi/lib/armv7-m\libg.a(lib_a-sscanf.o) (__ssvfscanf_r)
h:/program files (x86)/gnu tools arm embedded/4.9 2014q4/bin/../lib/gcc/arm-none-eabi/4.9.3/../../../../arm-none-eabi/lib/armv7-m\libg.a(lib_a-writer.o)
                              h:/program files (x86)/gnu tools arm embedded/4.9 2014q4/bin/../lib/gcc/arm-none-eabi/4.9.3/../../../../arm-none-eabi/lib/armv7-m\libg.a(lib_a-stdio.o) (_write_r)
h:/program files (x86)/gnu tools arm embedded/4.9 2014q4/bin/../lib/gcc/arm-none-eabi/4.9.3/../../../../arm-none-eabi/lib/armv7-m\libg.a(lib_a-closer.o)
                              h:/program files (x86)/gnu tools arm embedded/4.9 2014q4/bin/../lib/gcc/arm-none-eabi/4.9.3/../../../../arm-none-eabi/lib/armv7-m\libg.a(lib_a-stdio.o) (_close_r)
h:/program files (x86)/gnu tools arm embedded/4.9 2014q4/bin/../lib/gcc/arm-none-eabi/4.9.3/../../../../arm-none-eabi/lib/armv7-m\libg.a(lib_a-ctype_.o)
                              h:/program files (x86)/gnu tools arm embedded/4.9 2014q4/bin/../lib/gcc/arm-none-eabi/4.9.3/../../../../arm-none-eabi/lib/armv7-m\libg.a(lib_a-svfscanf.o) (__ctype_ptr__)
h:/program files (x86)/gnu tools arm embedded/4.9 2014q4/bin/../lib/gcc/arm-none-eabi/4.9.3/../../../../arm-none-eabi/lib/armv7-m\libg.a(lib_a-dtoa.o)
                              h:/program files (x86)/gnu tools arm embedded/4.9 2014q4/bin/../lib/gcc/arm-none-eabi/4.9.3/../../../../arm-none-eabi/lib/armv7-m\libg.a(lib_a-svfprintf.o) (_dtoa_r)
[...]
Memory Configuration

Name             Origin             Length             Attributes
rom              0x08000000         0x00020000         xr
ram              0x20000000         0x00005000         xrw
*default*        0x00000000         0xffffffff

Linker script and memory map

                0x20005000                _eram = 0x20005000

.text           0x08000000     0xf330
 *(.isr_vector)
 .isr_vector    0x08000000      0x10c ..\obj\startup_stm32f10x_md.o
                0x08000000                g_pfnVectors
 *(.text*)
 .text.RTC_GetCounter
                0x0800010c       0x2c ..\obj\stm32f10x_rtc.o
                0x0800010c                RTC_GetCounter
 .text.NVIC_SetPriority
                0x08000138       0x54 ..\obj\delay.o
 .text.SysTick_Config
                0x0800018c       0x44 ..\obj\delay.o
 .text.SysTick_Handler
                0x080001d0       0x24 ..\obj\delay.o
                0x080001d0                SysTick_Handler
 .text.Delay_ms
                0x080001f4       0x40 ..\obj\delay.o
                0x080001f4                Delay_ms
 .text.Delay_us
                0x08000234       0x40 ..\obj\delay.o
                0x08000234                Delay_us
 .text.TIM_TimeBaseInit
                0x08000274       0xf8 ..\obj\stm32f10x_tim.o
                0x08000274                TIM_TimeBaseInit
 .text.TIM_Cmd  0x0800036c       0x40 ..\obj\stm32f10x_tim.o
                0x0800036c                TIM_Cmd
 .text.TIM_ITConfig
                0x080003ac       0x48 ..\obj\stm32f10x_tim.o
                0x080003ac                TIM_ITConfig
 .text.TIM_GetITStatus
                0x080003f4       0x54 ..\obj\stm32f10x_tim.o
                0x080003f4                TIM_GetITStatus
 .text.TIM_ClearITPendingBit
                0x08000448       0x20 ..\obj\stm32f10x_tim.o
                0x08000448                TIM_ClearITPendingBit
 .text.isDST    0x08000468       0x6c ..\obj\rtc.o
 .text.adjustDST
                0x080004d4       0xa0 ..\obj\rtc.o
 .text.counter_to_struct
                0x08000574      0x178 ..\obj\rtc.o
 .text.rtc_gettime
                0x080006ec       0x38 ..\obj\rtc.o
                0x080006ec                rtc_gettime
 .text.SystemInit
                0x08000724       0x68 ..\obj\system_stm32f10x.o
                0x08000724                SystemInit
 .text.SetSysClock
                0x0800078c        0xc ..\obj\system_stm32f10x.o
 .text.SetSysClockTo72
                0x08000798      0x100 ..\obj\system_stm32f10x.o
 .text.Default_Reset_Handler
                0x08000898       0x5c ..\obj\startup_stm32f10x_md.o
                0x08000898                Default_Reset_Handler
                0x08000898                Reset_Handler
 .text.Default_Handler
                0x080008f4        0x8 ..\obj\startup_stm32f10x_md.o
                0x080008f4                EXTI2_IRQHandler
                0x080008f4                DebugMon_Handler
                0x080008f4                TIM1_CC_IRQHandler
                0x080008f4                HardFault_Handler
                0x080008f4                PVD_IRQHandler
                0x080008f4                PendSV_Handler
                0x080008f4                NMI_Handler
                0x080008f4                EXTI3_IRQHandler
                0x080008f4                EXTI0_IRQHandler
                0x080008f4                I2C2_EV_IRQHandler
                0x080008f4                UsageFault_Handler
                0x080008f4                ADC1_2_IRQHandler
                0x080008f4                SPI1_IRQHandler
                0x080008f4                TAMPER_IRQHandler
                0x080008f4                DMA1_Channel4_IRQHandler
                0x080008f4                RTC_IRQHandler
                0x080008f4                DMA1_Channel7_IRQHandler
                0x080008f4                CAN1_RX1_IRQHandler
                0x080008f4                I2C1_EV_IRQHandler
                0x080008f4                DMA1_Channel6_IRQHandler
                0x080008f4                TIM3_IRQHandler
                0x080008f4                RCC_IRQHandler
                0x080008f4                TIM1_TRG_COM_IRQHandler
                0x080008f4                DMA1_Channel1_IRQHandler
                0x080008f4                EXTI15_10_IRQHandler
                0x080008f4                EXTI9_5_IRQHandler
                0x080008f4                SPI2_IRQHandler
                0x080008f4                MemManage_Handler
                0x080008f4                SVC_Handler
                0x080008f4                DMA1_Channel5_IRQHandler
                0x080008f4                EXTI4_IRQHandler
                0x080008f4                USB_LP_CAN1_RX0_IRQHandler
                0x080008f4                USB_HP_CAN1_TX_IRQHandler
                0x080008f4                DMA1_Channel3_IRQHandler
                0x080008f4                TIM1_UP_IRQHandler
                0x080008f4                WWDG_IRQHandler
                0x080008f4                TIM2_IRQHandler
                0x080008f4                TIM1_BRK_IRQHandler
                0x080008f4                EXTI1_IRQHandler
                0x080008f4                RTCAlarm_IRQHandler
                0x080008f4                I2C2_ER_IRQHandler
                0x080008f4                DMA1_Channel2_IRQHandler
                0x080008f4                CAN1_SCE_IRQHandler
                0x080008f4                FLASH_IRQHandler
                0x080008f4                BusFault_Handler
                0x080008f4                I2C1_ER_IRQHandler
                0x080008f4                USBWakeUp_IRQHandler
 .text.GPIO_Init
                0x080008fc      0x180 ..\obj\stm32f10x_gpio.o
                0x080008fc                GPIO_Init
 .text.GPIO_ReadInputDataBit
                0x08000a7c       0x34 ..\obj\stm32f10x_gpio.o
                0x08000a7c                GPIO_ReadInputDataBit
 .text.GPIO_ReadOutputDataBit
                0x08000ab0       0x34 ..\obj\stm32f10x_gpio.o
                0x08000ab0                GPIO_ReadOutputDataBit
 .text.GPIO_SetBits
                0x08000ae4       0x1c ..\obj\stm32f10x_gpio.o
                0x08000ae4                GPIO_SetBits
 .text.GPIO_ResetBits
                0x08000b00       0x1c ..\obj\stm32f10x_gpio.o
                0x08000b00                GPIO_ResetBits
 .text.main     0x08000b1c      0x98c ..\obj\main.o
                0x08000b1c                main
 .text.USART_SendString
                0x080014a8       0x3c ..\obj\main.o
                0x080014a8                USART_SendString
 .text.SetupClock
                0x080014e4       0x70 ..\obj\main.o
                0x080014e4                SetupClock
 .text.SetupUSART1
                0x08001554       0x6c ..\obj\main.o
                0x08001554                SetupUSART1
 .text.SetupUSART2
                0x080015c0       0x78 ..\obj\main.o
                0x080015c0                SetupUSART2
 .text.SetupUSART3
                0x08001638       0x7c ..\obj\main.o
                0x08001638                SetupUSART3
 .text.Iniciar_Seriales
                0x080016b4       0xd8 ..\obj\main.o
                0x080016b4                Iniciar_Seriales
 .text.GPIO_Configuration
                0x0800178c       0x7c ..\obj\main.o
                0x0800178c                GPIO_Configuration
 .text.INTTIM_Config
                0x08001808       0x68 ..\obj\main.o
                0x08001808                INTTIM_Config
 .text.ADC_INICIAR
                0x08001870       0x9c ..\obj\main.o
                0x08001870                ADC_INICIAR
 .text.TIM4_IRQHandler
                0x0800190c       0x24 ..\obj\main.o
                0x0800190c                TIM4_IRQHandler
 .text.init_SD  0x08001930       0x44 ..\obj\main.o
                0x08001930                init_SD
 .text.abrir_WIFI
                0x08001974       0x80 ..\obj\main.o
                0x08001974                abrir_WIFI
 .text.abrir_LOG
                0x080019f4       0x34 ..\obj\main.o
                0x080019f4                abrir_LOG
 .text.escribir_LOG
                0x08001a28       0x30 ..\obj\main.o
                0x08001a28                escribir_LOG
 .text.conectar_WIFI
                0x08001a58       0x6c ..\obj\main.o
                0x08001a58                conectar_WIFI
 .text.escribir_WIFI
                0x08001ac4       0x58 ..\obj\main.o
                0x08001ac4                escribir_WIFI
 .text.USART1_IRQHandler
                0x08001b1c      0x184 ..\obj\main.o
                0x08001b1c                USART1_IRQHandler
 .text.USART2_IRQHandler
                0x08001ca0       0xd0 ..\obj\main.o
                0x08001ca0                USART2_IRQHandler
 .text.USART3_IRQHandler
                0x08001d70      0x124 ..\obj\main.o
                0x08001d70                USART3_IRQHandler
 .text.EnviarHexU2
                0x08001e94       0x30 ..\obj\main.o
                0x08001e94                EnviarHexU2
 .text.RequerirppmCO2
                0x08001ec4       0x3c ..\obj\main.o
                0x08001ec4                RequerirppmCO2
 .text.Get_Adc  0x08001f00       0x44 ..\obj\main.o
                0x08001f00                Get_Adc
 .text.Get_Adc_Promedio
                0x08001f44       0x54 ..\obj\main.o
                0x08001f44                Get_Adc_Promedio
 .text.materalParticulado
                0x08001f98       0x84 ..\obj\main.o
                0x08001f98                materalParticulado
 .text.RCC_DeInit
                0x0800201c       0x5c ..\obj\stm32f10x_rcc.o
                0x0800201c                RCC_DeInit
 .text.RCC_HSEConfig
                0x08002078       0x5c ..\obj\stm32f10x_rcc.o
                0x08002078                RCC_HSEConfig
 .text.RCC_PLLConfig
                0x080020d4       0x3c ..\obj\stm32f10x_rcc.o
                0x080020d4                RCC_PLLConfig
 .text.RCC_PLLCmd
                0x08002110       0x20 ..\obj\stm32f10x_rcc.o
                0x08002110                RCC_PLLCmd
 .text.RCC_SYSCLKConfig
                0x08002130       0x38 ..\obj\stm32f10x_rcc.o
                0x08002130                RCC_SYSCLKConfig
 .text.RCC_GetSYSCLKSource
                0x08002168       0x20 ..\obj\stm32f10x_rcc.o
                0x08002168                RCC_GetSYSCLKSource
 .text.RCC_HCLKConfig
                0x08002188       0x38 ..\obj\stm32f10x_rcc.o
                0x08002188                RCC_HCLKConfig
 .text.RCC_PCLK1Config
                0x080021c0       0x38 ..\obj\stm32f10x_rcc.o
                0x080021c0                RCC_PCLK1Config
 .text.RCC_PCLK2Config
                0x080021f8       0x38 ..\obj\stm32f10x_rcc.o
                0x080021f8                RCC_PCLK2Config
 .text.RCC_ADCCLKConfig
                0x08002230       0x38 ..\obj\stm32f10x_rcc.o
                0x08002230                RCC_ADCCLKConfig
 .text.RCC_GetClocksFreq
                0x08002268      0x164 ..\obj\stm32f10x_rcc.o
                0x08002268                RCC_GetClocksFreq
 .text.RCC_APB2PeriphClockCmd
                0x080023cc       0x3c ..\obj\stm32f10x_rcc.o
                0x080023cc                RCC_APB2PeriphClockCmd
 .text.RCC_APB1PeriphClockCmd
                0x08002408       0x3c ..\obj\stm32f10x_rcc.o
                0x08002408                RCC_APB1PeriphClockCmd
 .text.RCC_APB2PeriphResetCmd
                0x08002444       0x3c ..\obj\stm32f10x_rcc.o
                0x08002444                RCC_APB2PeriphResetCmd
 .text.RCC_APB1PeriphResetCmd
                0x08002480       0x3c ..\obj\stm32f10x_rcc.o
                0x08002480                RCC_APB1PeriphResetCmd
 .text.RCC_GetFlagStatus
                0x080024bc       0x74 ..\obj\stm32f10x_rcc.o
                0x080024bc                RCC_GetFlagStatus
 .text.ADC_DeInit
                0x08002530       0x74 ..\obj\stm32f10x_adc.o
                0x08002530                ADC_DeInit
 .text.ADC_Init
                0x080025a4       0xa4 ..\obj\stm32f10x_adc.o
                0x080025a4                ADC_Init
 .text.ADC_Cmd  0x08002648       0x38 ..\obj\stm32f10x_adc.o
                0x08002648                ADC_Cmd
 .text.ADC_ResetCalibration
                0x08002680       0x20 ..\obj\stm32f10x_adc.o
                0x08002680                ADC_ResetCalibration
 .text.ADC_GetResetCalibrationStatus
                0x080026a0       0x30 ..\obj\stm32f10x_adc.o
                0x080026a0                ADC_GetResetCalibrationStatus
 .text.ADC_StartCalibration
                0x080026d0       0x20 ..\obj\stm32f10x_adc.o
                0x080026d0                ADC_StartCalibration
 .text.ADC_GetCalibrationStatus
                0x080026f0       0x30 ..\obj\stm32f10x_adc.o
                0x080026f0                ADC_GetCalibrationStatus
 .text.ADC_SoftwareStartConvCmd
                0x08002720       0x38 ..\obj\stm32f10x_adc.o
                0x08002720                ADC_SoftwareStartConvCmd
 .text.ADC_RegularChannelConfig
                0x08002758      0x194 ..\obj\stm32f10x_adc.o
                0x08002758                ADC_RegularChannelConfig
 .text.ADC_GetConversionValue
                0x080028ec       0x1c ..\obj\stm32f10x_adc.o
                0x080028ec                ADC_GetConversionValue
 .text.ADC_GetFlagStatus
                0x08002908       0x34 ..\obj\stm32f10x_adc.o
                0x08002908                ADC_GetFlagStatus
 .text.USART_Init
                0x0800293c      0x174 ..\obj\stm32f10x_usart.o
                0x0800293c                USART_Init
 .text.USART_Cmd
                0x08002ab0       0x40 ..\obj\stm32f10x_usart.o
                0x08002ab0                USART_Cmd
 .text.USART_ITConfig
                0x08002af0       0x90 ..\obj\stm32f10x_usart.o
                0x08002af0                USART_ITConfig
 .text.USART_SendData
                0x08002b80       0x24 ..\obj\stm32f10x_usart.o
                0x08002b80                USART_SendData
 .text.USART_ReceiveData
                0x08002ba4       0x20 ..\obj\stm32f10x_usart.o
                0x08002ba4                USART_ReceiveData
 .text.USART_GetFlagStatus
                0x08002bc4       0x38 ..\obj\stm32f10x_usart.o
                0x08002bc4                USART_GetFlagStatus
 .text._sbrk    0x08002bfc       0x40 ..\obj\syscalls.o
                0x08002bfc                _sbrk
 .text.move_window
                0x08002c3c       0xbc ..\obj\ff.o
 .text.sync     0x08002cf8      0x168 ..\obj\ff.o
 .text.get_cluster
                0x08002e60      0x1ac ..\obj\ff.o
 .text.put_cluster
                0x0800300c      0x208 ..\obj\ff.o
 .text.remove_chain
                0x08003214       0x9c ..\obj\ff.o
 .text.create_chain
                0x080032b0      0x108 ..\obj\ff.o
 .text.clust2sect
                0x080033b8       0x40 ..\obj\ff.o
 .text.dir_seek
                0x080033f8       0xe4 ..\obj\ff.o
 .text.dir_next
                0x080034dc      0x1a8 ..\obj\ff.o
 .text.dir_find
                0x08003684       0xa0 ..\obj\ff.o
 .text.dir_read
                0x08003724       0xa0 ..\obj\ff.o
 .text.dir_register
                0x080037c4       0xc0 ..\obj\ff.o
 .text.dir_remove
                0x08003884       0x54 ..\obj\ff.o
 .text.create_name
                0x080038d8      0x224 ..\obj\ff.o
 .text.follow_path
                0x08003afc      0x120 ..\obj\ff.o
 .text.check_fs
                0x08003c1c       0xa8 ..\obj\ff.o
 .text.auto_mount
                0x08003cc4      0x508 ..\obj\ff.o
 .text.validate
                0x080041cc       0x4c ..\obj\ff.o
 .text.f_mount  0x08004218       0x54 ..\obj\ff.o
                0x08004218                f_mount
 .text.f_open   0x0800426c      0x304 ..\obj\ff.o
                0x0800426c                f_open
 .text.f_read   0x08004570      0x2a4 ..\obj\ff.o
                0x08004570                f_read
 .text.f_write  0x08004814      0x2f8 ..\obj\ff.o
                0x08004814                f_write
 .text.f_sync   0x08004b0c      0x184 ..\obj\ff.o
                0x08004b0c                f_sync
 .text.f_close  0x08004c90       0x28 ..\obj\ff.o
                0x08004c90                f_close
 .text.f_lseek  0x08004cb8      0x2d8 ..\obj\ff.o
                0x08004cb8                f_lseek
 .text.f_unlink
                0x08004f90      0x180 ..\obj\ff.o
                0x08004f90                f_unlink
 .text.f_gets   0x08005110       0x64 ..\obj\ff.o
                0x08005110                f_gets
 .text.DHT22_Init
                0x08005174       0x30 ..\obj\dht22.o
                0x08005174                DHT22_Init
 .text.DHT22_GetReadings
                0x080051a4      0x194 ..\obj\dht22.o
                0x080051a4                DHT22_GetReadings
 .text.DHT22_DecodeReadings
                0x08005338      0x178 ..\obj\dht22.o
                0x08005338                DHT22_DecodeReadings
 .text.DHT22_GetHumidity
                0x080054b0       0x2c ..\obj\dht22.o
                0x080054b0                DHT22_GetHumidity
 .text.DHT22_GetTemperature
                0x080054dc       0x2c ..\obj\dht22.o
                0x080054dc                DHT22_GetTemperature
 .text.NVIC_Init
                0x08005508       0xc4 ..\obj\misc.o
                0x08005508                NVIC_Init
 .text.SPI_I2S_DeInit
                0x080055cc       0x74 ..\obj\stm32f10x_spi.o
                0x080055cc                SPI_I2S_DeInit
 .text.SPI_Init
                0x08005640       0x88 ..\obj\stm32f10x_spi.o
                0x08005640                SPI_Init
 .text.SPI_Cmd  0x080056c8       0x40 ..\obj\stm32f10x_spi.o
                0x080056c8                SPI_Cmd
 .text.SPI_I2S_SendData
                0x08005708       0x1c ..\obj\stm32f10x_spi.o
                0x08005708                SPI_I2S_SendData
 .text.SPI_I2S_ReceiveData
                0x08005724       0x1c ..\obj\stm32f10x_spi.o
                0x08005724                SPI_I2S_ReceiveData
 .text.SPI_CalculateCRC
                0x08005740       0x40 ..\obj\stm32f10x_spi.o
                0x08005740                SPI_CalculateCRC
 .text.SPI_I2S_GetFlagStatus
                0x08005780       0x38 ..\obj\stm32f10x_spi.o
                0x08005780                SPI_I2S_GetFlagStatus
 .text.get_fattime
                0x080057b8       0x4c ..\obj\fattime.o
                0x080057b8                get_fattime
 .text.FCLK_SLOW
                0x08005804       0x2c ..\obj\sd_spi_stm32.o
 .text.FCLK_FAST
                0x08005830       0x30 ..\obj\sd_spi_stm32.o
 .text.stm32_spi_rw
                0x08005860       0x3c ..\obj\sd_spi_stm32.o
 .text.rcvr_spi
                0x0800589c       0x10 ..\obj\sd_spi_stm32.o
 .text.wait_ready
                0x080058ac       0x34 ..\obj\sd_spi_stm32.o
 .text.release_spi
                0x080058e0       0x18 ..\obj\sd_spi_stm32.o
 .text.power_on
                0x080058f8      0x104 ..\obj\sd_spi_stm32.o
 .text.power_off
                0x080059fc       0x7c ..\obj\sd_spi_stm32.o
 .text.chk_power
                0x08005a78       0x20 ..\obj\sd_spi_stm32.o
 .text.rcvr_datablock
                0x08005a98       0x94 ..\obj\sd_spi_stm32.o
 .text.xmit_datablock
                0x08005b2c       0x80 ..\obj\sd_spi_stm32.o
 .text.send_cmd
                0x08005bac       0xe0 ..\obj\sd_spi_stm32.o
 .text.disk_initialize
                0x08005c8c      0x1a8 ..\obj\sd_spi_stm32.o
                0x08005c8c                disk_initialize
 .text.disk_status
                0x08005e34       0x2c ..\obj\sd_spi_stm32.o
                0x08005e34                disk_status
 .text.disk_read
                0x08005e60       0xd0 ..\obj\sd_spi_stm32.o
                0x08005e60                disk_read
 .text.disk_write
                0x08005f30       0xfc ..\obj\sd_spi_stm32.o
                0x08005f30                disk_write
 .text.disk_ioctl
                0x0800602c      0x38c ..\obj\sd_spi_stm32.o
                0x0800602c                disk_ioctl
 .text.disk_timerproc
                0x080063b8       0x84 ..\obj\sd_spi_stm32.o
                0x080063b8                disk_timerproc
 .text.memcmp   0x0800643c       0x64 h:/program files (x86)/gnu tools arm embedded/4.9 2014q4/bin/../lib/gcc/arm-none-eabi/4.9.3/../../../../arm-none-eabi/lib/armv7-m\libg.a(lib_a-memcmp.o)
                0x0800643c                memcmp
 .text          0x080064a0       0xec h:/program files (x86)/gnu tools arm embedded/4.9 2014q4/bin/../lib/gcc/arm-none-eabi/4.9.3/../../../../arm-none-eabi/lib/armv7-m\libg.a(lib_a-memcpy.o)
                0x080064a0                memcpy
 .text.memset   0x0800658c       0x9c h:/program files (x86)/gnu tools arm embedded/4.9 2014q4/bin/../lib/gcc/arm-none-eabi/4.9.3/../../../../arm-none-eabi/lib/armv7-m\libg.a(lib_a-memset.o)
                0x0800658c                memset
 .text.sprintf  0x08006628       0x4c h:/program files (x86)/gnu tools arm embedded/4.9 2014q4/bin/../lib/gcc/arm-none-eabi/4.9.3/../../../../arm-none-eabi/lib/armv7-m\libg.a(lib_a-sprintf.o)
                0x08006628                sprintf
 .text.sscanf   0x08006674       0x58 h:/program files (x86)/gnu tools arm embedded/4.9 2014q4/bin/../lib/gcc/arm-none-eabi/4.9.3/../../../../arm-none-eabi/lib/armv7-m\libg.a(lib_a-sscanf.o)
                0x08006674                sscanf
 .text.__seofread
                0x080066cc        0x4 h:/program files (x86)/gnu tools arm embedded/4.9 2014q4/bin/../lib/gcc/arm-none-eabi/4.9.3/../../../../arm-none-eabi/lib/armv7-m\libg.a(lib_a-stdio.o)
                0x080066cc                __seofread
 .text.strchr   0x080066d0       0xcc h:/program files (x86)/gnu tools arm embedded/4.9 2014q4/bin/../lib/gcc/arm-none-eabi/4.9.3/../../../../arm-none-eabi/lib/armv7-m\libg.a(lib_a-strchr.o)
                0x080066d0                strchr
 .text.strcpy   0x0800679c       0xbc h:/program files (x86)/gnu tools arm embedded/4.9 2014q4/bin/../lib/gcc/arm-none-eabi/4.9.3/../../../../arm-none-eabi/lib/armv7-m\libg.a(lib_a-strcpy.o)
                0x0800679c                strcpy
 .text.strlen   0x08006858       0x5c h:/program files (x86)/gnu tools arm embedded/4.9 2014q4/bin/../lib/gcc/arm-none-eabi/4.9.3/../../../../arm-none-eabi/lib/armv7-m\libg.a(lib_a-strlen.o)
                0x08006858                strlen
 .text.critical_factorization
                0x080068b4       0xb8 h:/program files (x86)/gnu tools arm embedded/4.9 2014q4/bin/../lib/gcc/arm-none-eabi/4.9.3/../../../../arm-none-eabi/lib/armv7-m\libg.a(lib_a-strstr.o)
 .text.two_way_long_needle
                0x0800696c      0x1f8 h:/program files (x86)/gnu tools arm embedded/4.9 2014q4/bin/../lib/gcc/arm-none-eabi/4.9.3/../../../../arm-none-eabi/lib/armv7-m\libg.a(lib_a-strstr.o)
 .text.strstr   0x08006b64      0x220 h:/program files (x86)/gnu tools arm embedded/4.9 2014q4/bin/../lib/gcc/arm-none-eabi/4.9.3/../../../../arm-none-eabi/lib/armv7-m\libg.a(lib_a-strstr.o)
                0x08006b64                strstr
 .text.strtok   0x08006d84       0x10 h:/program files (x86)/gnu tools arm embedded/4.9 2014q4/bin/../lib/gcc/arm-none-eabi/4.9.3/../../../../arm-none-eabi/lib/armv7-m\libg.a(lib_a-strtok.o)
                0x08006d84                strtok
 .text.__strtok_r
                0x08006d94       0x64 h:/program files (x86)/gnu tools arm embedded/4.9 2014q4/bin/../lib/gcc/arm-none-eabi/4.9.3/../../../../arm-none-eabi/lib/armv7-m\libg.a(lib_a-strtok_r.o)
                0x08006d94                __strtok_r
 .text._svfprintf_r
                0x08006df8     0x14f4 h:/program files (x86)/gnu tools arm embedded/4.9 2014q4/bin/../lib/gcc/arm-none-eabi/4.9.3/../../../../arm-none-eabi/lib/armv7-m\libg.a(lib_a-svfprintf.o)
                0x08006df8                _svfprintf_r
 .text.__ssvfscanf_r
                0x080082ec      0xdf4 h:/program files (x86)/gnu tools arm embedded/4.9 2014q4/bin/../lib/gcc/arm-none-eabi/4.9.3/../../../../arm-none-eabi/lib/armv7-m\libg.a(lib_a-svfscanf.o)
                0x080082ec                __ssvfscanf_r
 .text.quorem   0x080090e0      0x130 h:/program files (x86)/gnu tools arm embedded/4.9 2014q4/bin/../lib/gcc/arm-none-eabi/4.9.3/../../../../arm-none-eabi/lib/armv7-m\libg.a(lib_a-dtoa.o)
 .text._dtoa_r  0x08009210      0xea8 h:/program files (x86)/gnu tools arm embedded/4.9 2014q4/bin/../lib/gcc/arm-none-eabi/4.9.3/../../../../arm-none-eabi/lib/armv7-m\libg.a(lib_a-dtoa.o)
                0x08009210                _dtoa_r
 .text.iswspace
                0x0800a0b8       0x1c h:/program files (x86)/gnu tools arm embedded/4.9 2014q4/bin/../lib/gcc/arm-none-eabi/4.9.3/../../../../arm-none-eabi/lib/armv7-m\libg.a(lib_a-iswspace.o)
                0x0800a0b8                iswspace
 .text.__locale_charset
                0x0800a0d4        0x8 h:/program files (x86)/gnu tools arm embedded/4.9 2014q4/bin/../lib/gcc/arm-none-eabi/4.9.3/../../../../arm-none-eabi/lib/armv7-m\libg.a(lib_a-locale.o)
                0x0800a0d4                __locale_charset
 .text.__locale_mb_cur_max
                0x0800a0dc        0xc h:/program files (x86)/gnu tools arm embedded/4.9 2014q4/bin/../lib/gcc/arm-none-eabi/4.9.3/../../../../arm-none-eabi/lib/armv7-m\libg.a(lib_a-locale.o)
                0x0800a0dc                __locale_mb_cur_max
 .text._localeconv_r
                0x0800a0e8        0x8 h:/program files (x86)/gnu tools arm embedded/4.9 2014q4/bin/../lib/gcc/arm-none-eabi/4.9.3/../../../../arm-none-eabi/lib/armv7-m\libg.a(lib_a-locale.o)
                0x0800a0e8                _localeconv_r
 .text._malloc_r
                0x0800a0f0      0x504 h:/program files (x86)/gnu tools arm embedded/4.9 2014q4/bin/../lib/gcc/arm-none-eabi/4.9.3/../../../../arm-none-eabi/lib/armv7-m\libg.a(lib_a-mallocr.o)
                0x0800a0f0                _malloc_r
 .text._mbrtowc_r
                0x0800a5f4       0x5c h:/program files (x86)/gnu tools arm embedded/4.9 2014q4/bin/../lib/gcc/arm-none-eabi/4.9.3/../../../../arm-none-eabi/lib/armv7-m\libg.a(lib_a-mbrtowc.o)
                0x0800a5f4                _mbrtowc_r
 .text.__ascii_mbtowc
                0x0800a650       0x2c h:/program files (x86)/gnu tools arm embedded/4.9 2014q4/bin/../lib/gcc/arm-none-eabi/4.9.3/../../../../arm-none-eabi/lib/armv7-m\libg.a(lib_a-mbtowc_r.o)
                0x0800a650                __ascii_mbtowc
 .text.memchr   0x0800a67c       0x94 h:/program files (x86)/gnu tools arm embedded/4.9 2014q4/bin/../lib/gcc/arm-none-eabi/4.9.3/../../../../arm-none-eabi/lib/armv7-m\libg.a(lib_a-memchr.o)
                0x0800a67c                memchr
 .text.__malloc_lock
                0x0800a710        0x4 h:/program files (x86)/gnu tools arm embedded/4.9 2014q4/bin/../lib/gcc/arm-none-eabi/4.9.3/../../../../arm-none-eabi/lib/armv7-m\libg.a(lib_a-mlock.o)
                0x0800a710                __malloc_lock
 .text.__malloc_unlock
                0x0800a714        0x4 h:/program files (x86)/gnu tools arm embedded/4.9 2014q4/bin/../lib/gcc/arm-none-eabi/4.9.3/../../../../arm-none-eabi/lib/armv7-m\libg.a(lib_a-mlock.o)
                0x0800a714                __malloc_unlock
 .text._Balloc  0x0800a718       0x50 h:/program files (x86)/gnu tools arm embedded/4.9 2014q4/bin/../lib/gcc/arm-none-eabi/4.9.3/../../../../arm-none-eabi/lib/armv7-m\libg.a(lib_a-mprec.o)
                0x0800a718                _Balloc
 .text._Bfree   0x0800a768       0x14 h:/program files (x86)/gnu tools arm embedded/4.9 2014q4/bin/../lib/gcc/arm-none-eabi/4.9.3/../../../../arm-none-eabi/lib/armv7-m\libg.a(lib_a-mprec.o)
                0x0800a768                _Bfree
 .text.__multadd
                0x0800a77c       0x84 h:/program files (x86)/gnu tools arm embedded/4.9 2014q4/bin/../lib/gcc/arm-none-eabi/4.9.3/../../../../arm-none-eabi/lib/armv7-m\libg.a(lib_a-mprec.o)
                0x0800a77c                __multadd
 .text.__s2b    0x0800a800       0x98 h:/program files (x86)/gnu tools arm embedded/4.9 2014q4/bin/../lib/gcc/arm-none-eabi/4.9.3/../../../../arm-none-eabi/lib/armv7-m\libg.a(lib_a-mprec.o)
                0x0800a800                __s2b
 .text.__hi0bits
                0x0800a898       0x40 h:/program files (x86)/gnu tools arm embedded/4.9 2014q4/bin/../lib/gcc/arm-none-eabi/4.9.3/../../../../arm-none-eabi/lib/armv7-m\libg.a(lib_a-mprec.o)
                0x0800a898                __hi0bits
 .text.__lo0bits
                0x0800a8d8       0x5c h:/program files (x86)/gnu tools arm embedded/4.9 2014q4/bin/../lib/gcc/arm-none-eabi/4.9.3/../../../../arm-none-eabi/lib/armv7-m\libg.a(lib_a-mprec.o)
                0x0800a8d8                __lo0bits
 .text.__i2b    0x0800a934       0x14 h:/program files (x86)/gnu tools arm embedded/4.9 2014q4/bin/../lib/gcc/arm-none-eabi/4.9.3/../../../../arm-none-eabi/lib/armv7-m\libg.a(lib_a-mprec.o)
                0x0800a934                __i2b
 .text.__multiply
                0x0800a948      0x140 h:/program files (x86)/gnu tools arm embedded/4.9 2014q4/bin/../lib/gcc/arm-none-eabi/4.9.3/../../../../arm-none-eabi/lib/armv7-m\libg.a(lib_a-mprec.o)
                0x0800a948                __multiply
 .text.__pow5mult
                0x0800aa88       0xa0 h:/program files (x86)/gnu tools arm embedded/4.9 2014q4/bin/../lib/gcc/arm-none-eabi/4.9.3/../../../../arm-none-eabi/lib/armv7-m\libg.a(lib_a-mprec.o)
                0x0800aa88                __pow5mult
 .text.__lshift
                0x0800ab28       0xb0 h:/program files (x86)/gnu tools arm embedded/4.9 2014q4/bin/../lib/gcc/arm-none-eabi/4.9.3/../../../../arm-none-eabi/lib/armv7-m\libg.a(lib_a-mprec.o)
                0x0800ab28                __lshift
 .text.__mcmp   0x0800abd8       0x48 h:/program files (x86)/gnu tools arm embedded/4.9 2014q4/bin/../lib/gcc/arm-none-eabi/4.9.3/../../../../arm-none-eabi/lib/armv7-m\libg.a(lib_a-mprec.o)
                0x0800abd8                __mcmp
 .text.__mdiff  0x0800ac20       0xe4 h:/program files (x86)/gnu tools arm embedded/4.9 2014q4/bin/../lib/gcc/arm-none-eabi/4.9.3/../../../../arm-none-eabi/lib/armv7-m\libg.a(lib_a-mprec.o)
                0x0800ac20                __mdiff
 .text.__ulp    0x0800ad04       0x44 h:/program files (x86)/gnu tools arm embedded/4.9 2014q4/bin/../lib/gcc/arm-none-eabi/4.9.3/../../../../arm-none-eabi/lib/armv7-m\libg.a(lib_a-mprec.o)
                0x0800ad04                __ulp
 .text.__b2d    0x0800ad48       0xd0 h:/program files (x86)/gnu tools arm embedded/4.9 2014q4/bin/../lib/gcc/arm-none-eabi/4.9.3/../../../../arm-none-eabi/lib/armv7-m\libg.a(lib_a-mprec.o)
                0x0800ad48                __b2d
 .text.__d2b    0x0800ae18       0xa8 h:/program files (x86)/gnu tools arm embedded/4.9 2014q4/bin/../lib/gcc/arm-none-eabi/4.9.3/../../../../arm-none-eabi/lib/armv7-m\libg.a(lib_a-mprec.o)
                0x0800ae18                __d2b
 .text.__ratio  0x0800aec0       0x58 h:/program files (x86)/gnu tools arm embedded/4.9 2014q4/bin/../lib/gcc/arm-none-eabi/4.9.3/../../../../arm-none-eabi/lib/armv7-m\libg.a(lib_a-mprec.o)
                0x0800aec0                __ratio
 .text.__copybits
                0x0800af18       0x48 h:/program files (x86)/gnu tools arm embedded/4.9 2014q4/bin/../lib/gcc/arm-none-eabi/4.9.3/../../../../arm-none-eabi/lib/armv7-m\libg.a(lib_a-mprec.o)
                0x0800af18                __copybits
 .text.__any_on
                0x0800af60       0x5c h:/program files (x86)/gnu tools arm embedded/4.9 2014q4/bin/../lib/gcc/arm-none-eabi/4.9.3/../../../../arm-none-eabi/lib/armv7-m\libg.a(lib_a-mprec.o)
                0x0800af60                __any_on
 .text.__fpclassifyd
                0x0800afbc       0x58 h:/program files (x86)/gnu tools arm embedded/4.9 2014q4/bin/../lib/gcc/arm-none-eabi/4.9.3/../../../../arm-none-eabi/lib/armv7-m\libg.a(lib_a-s_fpclassify.o)
                0x0800afbc                __fpclassifyd
 .text._sbrk_r  0x0800b014       0x24 h:/program files (x86)/gnu tools arm embedded/4.9 2014q4/bin/../lib/gcc/arm-none-eabi/4.9.3/../../../../arm-none-eabi/lib/armv7-m\libg.a(lib_a-sbrkr.o)
                0x0800b014                _sbrk_r
 .text.__sccl   0x0800b038       0x78 h:/program files (x86)/gnu tools arm embedded/4.9 2014q4/bin/../lib/gcc/arm-none-eabi/4.9.3/../../../../arm-none-eabi/lib/armv7-m\libg.a(lib_a-sccl.o)
                0x0800b038                __sccl
 .text.nanf     0x0800b0b0        0x8 h:/program files (x86)/gnu tools arm embedded/4.9 2014q4/bin/../lib/gcc/arm-none-eabi/4.9.3/../../../../arm-none-eabi/lib/armv7-m\libg.a(lib_a-sf_nan.o)
                0x0800b0b0                nanf
 .text.sulp     0x0800b0b8       0x44 h:/program files (x86)/gnu tools arm embedded/4.9 2014q4/bin/../lib/gcc/arm-none-eabi/4.9.3/../../../../arm-none-eabi/lib/armv7-m\libg.a(lib_a-strtod.o)
 *fill*         0x0800b0fc        0x4 
 .text._strtod_r
                0x0800b100      0xf30 h:/program files (x86)/gnu tools arm embedded/4.9 2014q4/bin/../lib/gcc/arm-none-eabi/4.9.3/../../../../arm-none-eabi/lib/armv7-m\libg.a(lib_a-strtod.o)
                0x0800b100                _strtod_r
 .text._strtol_r
                0x0800c030      0x11c h:/program files (x86)/gnu tools arm embedded/4.9 2014q4/bin/../lib/gcc/arm-none-eabi/4.9.3/../../../../arm-none-eabi/lib/armv7-m\libg.a(lib_a-strtol.o)
                0x0800c030                _strtol_r
 .text._strtoll_r
                0x0800c14c      0x1cc h:/program files (x86)/gnu tools arm embedded/4.9 2014q4/bin/../lib/gcc/arm-none-eabi/4.9.3/../../../../arm-none-eabi/lib/armv7-m\libg.a(lib_a-strtoll_r.o)
                0x0800c14c                _strtoll_r
 .text._strtoul_r
                0x0800c318      0x134 h:/program files (x86)/gnu tools arm embedded/4.9 2014q4/bin/../lib/gcc/arm-none-eabi/4.9.3/../../../../arm-none-eabi/lib/armv7-m\libg.a(lib_a-strtoul.o)
                0x0800c318                _strtoul_r
 .text._strtoull_r
                0x0800c44c      0x1e8 h:/program files (x86)/gnu tools arm embedded/4.9 2014q4/bin/../lib/gcc/arm-none-eabi/4.9.3/../../../../arm-none-eabi/lib/armv7-m\libg.a(lib_a-strtoull_r.o)
                0x0800c44c                _strtoull_r
 .text.__ssprint_r
                0x0800c634      0x104 h:/program files (x86)/gnu tools arm embedded/4.9 2014q4/bin/../lib/gcc/arm-none-eabi/4.9.3/../../../../arm-none-eabi/lib/armv7-m\libg.a(lib_a-svfiprintf.o)
                0x0800c634                __ssprint_r
 .text._sungetc_r
                0x0800c738       0x88 h:/program files (x86)/gnu tools arm embedded/4.9 2014q4/bin/../lib/gcc/arm-none-eabi/4.9.3/../../../../arm-none-eabi/lib/armv7-m\libg.a(lib_a-svfiscanf.o)
                0x0800c738                _sungetc_r
 .text.__ssrefill_r
                0x0800c7c0       0x3c h:/program files (x86)/gnu tools arm embedded/4.9 2014q4/bin/../lib/gcc/arm-none-eabi/4.9.3/../../../../arm-none-eabi/lib/armv7-m\libg.a(lib_a-svfiscanf.o)
                0x0800c7c0                __ssrefill_r
 .text._sfread_r
                0x0800c7fc       0x80 h:/program files (x86)/gnu tools arm embedded/4.9 2014q4/bin/../lib/gcc/arm-none-eabi/4.9.3/../../../../arm-none-eabi/lib/armv7-m\libg.a(lib_a-svfiscanf.o)
                0x0800c7fc                _sfread_r
 .text.__submore
                0x0800c87c       0x7c h:/program files (x86)/gnu tools arm embedded/4.9 2014q4/bin/../lib/gcc/arm-none-eabi/4.9.3/../../../../arm-none-eabi/lib/armv7-m\libg.a(lib_a-ungetc.o)
                0x0800c87c                __submore
 .text._calloc_r
                0x0800c8f8       0x60 h:/program files (x86)/gnu tools arm embedded/4.9 2014q4/bin/../lib/gcc/arm-none-eabi/4.9.3/../../../../arm-none-eabi/lib/armv7-m\libg.a(lib_a-callocr.o)
                0x0800c8f8                _calloc_r
 .text._malloc_trim_r
                0x0800c958       0x9c h:/program files (x86)/gnu tools arm embedded/4.9 2014q4/bin/../lib/gcc/arm-none-eabi/4.9.3/../../../../arm-none-eabi/lib/armv7-m\libg.a(lib_a-freer.o)
                0x0800c958                _malloc_trim_r
 .text._free_r  0x0800c9f4      0x1b0 h:/program files (x86)/gnu tools arm embedded/4.9 2014q4/bin/../lib/gcc/arm-none-eabi/4.9.3/../../../../arm-none-eabi/lib/armv7-m\libg.a(lib_a-freer.o)
                0x0800c9f4                _free_r
 .text.rshift   0x0800cba4       0xa0 h:/program files (x86)/gnu tools arm embedded/4.9 2014q4/bin/../lib/gcc/arm-none-eabi/4.9.3/../../../../arm-none-eabi/lib/armv7-m\libg.a(lib_a-gdtoa-gethex.o)
 .text.__gethex
                0x0800cc44      0x514 h:/program files (x86)/gnu tools arm embedded/4.9 2014q4/bin/../lib/gcc/arm-none-eabi/4.9.3/../../../../arm-none-eabi/lib/armv7-m\libg.a(lib_a-gdtoa-gethex.o)
                0x0800cc44                __gethex
 .text.__hexnan
                0x0800d158      0x184 h:/program files (x86)/gnu tools arm embedded/4.9 2014q4/bin/../lib/gcc/arm-none-eabi/4.9.3/../../../../arm-none-eabi/lib/armv7-m\libg.a(lib_a-gdtoa-hexnan.o)
                0x0800d158                __hexnan
 .text.memmove  0x0800d2dc       0xc8 h:/program files (x86)/gnu tools arm embedded/4.9 2014q4/bin/../lib/gcc/arm-none-eabi/4.9.3/../../../../arm-none-eabi/lib/armv7-m\libg.a(lib_a-memmove.o)
                0x0800d2dc                memmove
 .text._realloc_r
                0x0800d3a4      0x3e0 h:/program files (x86)/gnu tools arm embedded/4.9 2014q4/bin/../lib/gcc/arm-none-eabi/4.9.3/../../../../arm-none-eabi/lib/armv7-m\libg.a(lib_a-reallocr.o)
                0x0800d3a4                _realloc_r
 .text.strncmp  0x0800d784       0x94 h:/program files (x86)/gnu tools arm embedded/4.9 2014q4/bin/../lib/gcc/arm-none-eabi/4.9.3/../../../../arm-none-eabi/lib/armv7-m\libg.a(lib_a-strncmp.o)
                0x0800d784                strncmp
 .text          0x0800d818      0x370 h:/program files (x86)/gnu tools arm embedded/4.9 2014q4/bin/../lib/gcc/arm-none-eabi/4.9.3/armv7-m\libgcc.a(_arm_addsubdf3.o)
                0x0800d818                __aeabi_drsub
                0x0800d820                __aeabi_dsub
                0x0800d820                __subdf3
                0x0800d824                __aeabi_dadd
                0x0800d824                __adddf3
                0x0800da9c                __floatunsidf
                0x0800da9c                __aeabi_ui2d
                0x0800dabc                __floatsidf
                0x0800dabc                __aeabi_i2d
                0x0800dae0                __aeabi_f2d
                0x0800dae0                __extendsfdf2
                0x0800db1c                __floatundidf
                0x0800db1c                __aeabi_ul2d
                0x0800db2c                __floatdidf
                0x0800db2c                __aeabi_l2d
 .text          0x0800db88      0x424 h:/program files (x86)/gnu tools arm embedded/4.9 2014q4/bin/../lib/gcc/arm-none-eabi/4.9.3/armv7-m\libgcc.a(_arm_muldivdf3.o)
                0x0800db88                __aeabi_dmul
                0x0800db88                __muldf3
                0x0800dddc                __divdf3
                0x0800dddc                __aeabi_ddiv
 .text          0x0800dfac      0x110 h:/program files (x86)/gnu tools arm embedded/4.9 2014q4/bin/../lib/gcc/arm-none-eabi/4.9.3/armv7-m\libgcc.a(_arm_cmpdf2.o)
                0x0800dfac                __gtdf2
                0x0800dfac                __gedf2
                0x0800dfb4                __ltdf2
                0x0800dfb4                __ledf2
                0x0800dfbc                __nedf2
                0x0800dfbc                __eqdf2
                0x0800dfbc                __cmpdf2
                0x0800e038                __aeabi_cdrcmple
                0x0800e048                __aeabi_cdcmpeq
                0x0800e048                __aeabi_cdcmple
                0x0800e058                __aeabi_dcmpeq
                0x0800e06c                __aeabi_dcmplt
                0x0800e080                __aeabi_dcmple
                0x0800e094                __aeabi_dcmpge
                0x0800e0a8                __aeabi_dcmpgt
 .text          0x0800e0bc       0x50 h:/program files (x86)/gnu tools arm embedded/4.9 2014q4/bin/../lib/gcc/arm-none-eabi/4.9.3/armv7-m\libgcc.a(_arm_fixdfsi.o)
                0x0800e0bc                __aeabi_d2iz
                0x0800e0bc                __fixdfsi
 .text          0x0800e10c       0x40 h:/program files (x86)/gnu tools arm embedded/4.9 2014q4/bin/../lib/gcc/arm-none-eabi/4.9.3/armv7-m\libgcc.a(_arm_fixunsdfsi.o)
                0x0800e10c                __aeabi_d2uiz
                0x0800e10c                __fixunsdfsi
 .text          0x0800e14c       0xa0 h:/program files (x86)/gnu tools arm embedded/4.9 2014q4/bin/../lib/gcc/arm-none-eabi/4.9.3/armv7-m\libgcc.a(_arm_truncdfsf2.o)
                0x0800e14c                __truncdfsf2
                0x0800e14c                __aeabi_d2f
 .text          0x0800e1ec       0x2c h:/program files (x86)/gnu tools arm embedded/4.9 2014q4/bin/../lib/gcc/arm-none-eabi/4.9.3/armv7-m\libgcc.a(_aeabi_uldivmod.o)
                0x0800e1ec                __aeabi_uldivmod
 .text          0x0800e218       0x60 h:/program files (x86)/gnu tools arm embedded/4.9 2014q4/bin/../lib/gcc/arm-none-eabi/4.9.3/armv7-m\libgcc.a(bpabi.o)
                0x0800e218                __gnu_ldivmod_helper
                0x0800e248                __gnu_uldivmod_helper
 .text          0x0800e278        0x4 h:/program files (x86)/gnu tools arm embedded/4.9 2014q4/bin/../lib/gcc/arm-none-eabi/4.9.3/armv7-m\libgcc.a(_dvmd_tls.o)
                0x0800e278                __aeabi_idiv0
                0x0800e278                __aeabi_ldiv0
 .text          0x0800e27c      0x2ac h:/program files (x86)/gnu tools arm embedded/4.9 2014q4/bin/../lib/gcc/arm-none-eabi/4.9.3/armv7-m\libgcc.a(_divdi3.o)
                0x0800e27c                __divdi3
 .text          0x0800e528      0x270 h:/program files (x86)/gnu tools arm embedded/4.9 2014q4/bin/../lib/gcc/arm-none-eabi/4.9.3/armv7-m\libgcc.a(_udivdi3.o)
                0x0800e528                __udivdi3
 *(.init)
 *(.fini)
 *crtbegin.o(.ctors)
 *crtbegin?.o(.ctors)
 *(EXCLUDE_FILE(*crtend.o *crtend?.o) .ctors)
 *(SORT(.ctors.*))
 *(.ctors)
 *crtbegin.o(.dtors)
 *crtbegin?.o(.dtors)
 *(EXCLUDE_FILE(*crtend.o *crtend?.o) .dtors)
 *(SORT(.dtors.*))
 *(.dtors)
 *(.rodata*)
 .rodata        0x0800e798        0xc ..\obj\rtc.o
 .rodata        0x0800e7a4      0x6ec ..\obj\main.o
 .rodata        0x0800ee90       0x88 ..\obj\ff.o
 .rodata.blanks.6794
                0x0800ef18       0x10 h:/program files (x86)/gnu tools arm embedded/4.9 2014q4/bin/../lib/gcc/arm-none-eabi/4.9.3/../../../../arm-none-eabi/lib/armv7-m\libg.a(lib_a-svfprintf.o)
 .rodata.str1.4
                0x0800ef28       0x42 h:/program files (x86)/gnu tools arm embedded/4.9 2014q4/bin/../lib/gcc/arm-none-eabi/4.9.3/../../../../arm-none-eabi/lib/armv7-m\libg.a(lib_a-svfprintf.o)
                                 0x44 (size before relaxing)
 *fill*         0x0800ef6a        0x2 
 .rodata.zeroes.6795
                0x0800ef6c       0x10 h:/program files (x86)/gnu tools arm embedded/4.9 2014q4/bin/../lib/gcc/arm-none-eabi/4.9.3/../../../../arm-none-eabi/lib/armv7-m\libg.a(lib_a-svfprintf.o)
 .rodata.str1.4
                0x0800ef7c        0x5 h:/program files (x86)/gnu tools arm embedded/4.9 2014q4/bin/../lib/gcc/arm-none-eabi/4.9.3/../../../../arm-none-eabi/lib/armv7-m\libg.a(lib_a-svfscanf.o)
                                  0x8 (size before relaxing)
 *fill*         0x0800ef81        0x3 
 .rodata.basefix.6746
                0x0800ef84       0x24 h:/program files (x86)/gnu tools arm embedded/4.9 2014q4/bin/../lib/gcc/arm-none-eabi/4.9.3/../../../../arm-none-eabi/lib/armv7-m\libg.a(lib_a-svfscanf.o)
 .rodata._ctype_
                0x0800efa8      0x104 h:/program files (x86)/gnu tools arm embedded/4.9 2014q4/bin/../lib/gcc/arm-none-eabi/4.9.3/../../../../arm-none-eabi/lib/armv7-m\libg.a(lib_a-ctype_.o)
                0x0800efa8                _ctype_
 .rodata.str1.4
                0x0800f0ac       0x10 h:/program files (x86)/gnu tools arm embedded/4.9 2014q4/bin/../lib/gcc/arm-none-eabi/4.9.3/../../../../arm-none-eabi/lib/armv7-m\libg.a(lib_a-dtoa.o)
                                 0x14 (size before relaxing)
 .rodata.str1.4
                0x0800f0bc        0x2 h:/program files (x86)/gnu tools arm embedded/4.9 2014q4/bin/../lib/gcc/arm-none-eabi/4.9.3/../../../../arm-none-eabi/lib/armv7-m\libg.a(lib_a-impure.o)
                                  0x4 (size before relaxing)
 *fill*         0x0800f0be        0x2 
 .rodata.str1.4
                0x0800f0c0        0xa h:/program files (x86)/gnu tools arm embedded/4.9 2014q4/bin/../lib/gcc/arm-none-eabi/4.9.3/../../../../arm-none-eabi/lib/armv7-m\libg.a(lib_a-locale.o)
                                 0x14 (size before relaxing)
 .rodata.str1.4
                0x00000000        0x4 h:/program files (x86)/gnu tools arm embedded/4.9 2014q4/bin/../lib/gcc/arm-none-eabi/4.9.3/../../../../arm-none-eabi/lib/armv7-m\libg.a(lib_a-mbrtowc.o)
 *fill*         0x0800f0ca        0x6 
 .rodata.__mprec_tens
                0x0800f0d0       0xc8 h:/program files (x86)/gnu tools arm embedded/4.9 2014q4/bin/../lib/gcc/arm-none-eabi/4.9.3/../../../../arm-none-eabi/lib/armv7-m\libg.a(lib_a-mprec.o)
                0x0800f0d0                __mprec_tens
 .rodata.__mprec_bigtens
                0x0800f198       0x28 h:/program files (x86)/gnu tools arm embedded/4.9 2014q4/bin/../lib/gcc/arm-none-eabi/4.9.3/../../../../arm-none-eabi/lib/armv7-m\libg.a(lib_a-mprec.o)
                0x0800f198                __mprec_bigtens
 .rodata.p05.5265
                0x0800f1c0        0xc h:/program files (x86)/gnu tools arm embedded/4.9 2014q4/bin/../lib/gcc/arm-none-eabi/4.9.3/../../../../arm-none-eabi/lib/armv7-m\libg.a(lib_a-mprec.o)
 .rodata.fpi.5234
                0x0800f1cc       0x14 h:/program files (x86)/gnu tools arm embedded/4.9 2014q4/bin/../lib/gcc/arm-none-eabi/4.9.3/../../../../arm-none-eabi/lib/armv7-m\libg.a(lib_a-strtod.o)
 .rodata.fpinan.5270
                0x0800f1e0       0x14 h:/program files (x86)/gnu tools arm embedded/4.9 2014q4/bin/../lib/gcc/arm-none-eabi/4.9.3/../../../../arm-none-eabi/lib/armv7-m\libg.a(lib_a-strtod.o)
 .rodata.str1.4
                0x0800f1f4       0x10 h:/program files (x86)/gnu tools arm embedded/4.9 2014q4/bin/../lib/gcc/arm-none-eabi/4.9.3/../../../../arm-none-eabi/lib/armv7-m\libg.a(lib_a-strtod.o)
 *fill*         0x0800f204        0x4 
 .rodata.tinytens
                0x0800f208       0x28 h:/program files (x86)/gnu tools arm embedded/4.9 2014q4/bin/../lib/gcc/arm-none-eabi/4.9.3/../../../../arm-none-eabi/lib/armv7-m\libg.a(lib_a-strtod.o)
 .rodata.__hexdig
                0x0800f230      0x100 h:/program files (x86)/gnu tools arm embedded/4.9 2014q4/bin/../lib/gcc/arm-none-eabi/4.9.3/../../../../arm-none-eabi/lib/armv7-m\libg.a(lib_a-gdtoa-gethex.o)
                0x0800f230                __hexdig
 *(.eh_fram e*)

.glue_7         0x0800f330        0x0
 .glue_7        0x00000000        0x0 linker stubs

.glue_7t        0x0800f330        0x0
 .glue_7t       0x00000000        0x0 linker stubs

.vfp11_veneer   0x0800f330        0x0
 .vfp11_veneer  0x00000000        0x0 linker stubs

.v4_bx          0x0800f330        0x0
 .v4_bx         0x00000000        0x0 linker stubs

.iplt           0x0800f330        0x0
 .iplt          0x00000000        0x0 ..\obj\stm32f10x_rtc.o

.ARM.extab
 *(.ARM.extab* .gnu.linkonce.armextab.*)
                0x0800f330                __exidx_start = .

.ARM.exidx      0x0800f330        0x8
 *(.ARM.exidx* .gnu.linkonce.armexidx.*)
 .ARM.exidx     0x0800f330        0x8 h:/program files (x86)/gnu tools arm embedded/4.9 2014q4/bin/../lib/gcc/arm-none-eabi/4.9.3/armv7-m\libgcc.a(_divdi3.o)
 .ARM.exidx     0x0800f338        0x0 h:/program files (x86)/gnu tools arm embedded/4.9 2014q4/bin/../lib/gcc/arm-none-eabi/4.9.3/armv7-m\libgcc.a(_udivdi3.o)
                                  0x8 (size before relaxing)
                0x0800f338                __exidx_end = .
                0x0800f338                __etext = .
                0x0800f338                _sidata = __etext

.rel.dyn        0x0800f338        0x0
 .rel.iplt      0x00000000        0x0 ..\obj\stm32f10x_rtc.o

.data           0x20000000      0x8cc load address 0x0800f338
                0x20000000                __data_start__ = .
                0x20000000                _sdata = __data_start__
 *(vtable)
 *(.data*)
 .data          0x20000000       0x14 ..\obj\system_stm32f10x.o
                0x20000000                SystemCoreClock
                0x20000004                AHBPrescTable
 .data          0x20000014       0x14 ..\obj\stm32f10x_rcc.o
 .data          0x20000028        0x1 ..\obj\sd_spi_stm32.o
 *fill*         0x20000029        0x3 
 .data.__ctype_ptr__
                0x2000002c        0x4 h:/program files (x86)/gnu tools arm embedded/4.9 2014q4/bin/../lib/gcc/arm-none-eabi/4.9.3/../../../../arm-none-eabi/lib/armv7-m\libg.a(lib_a-ctype_.o)
                0x2000002c                __ctype_ptr__
 .data.impure_data
                0x20000030      0x428 h:/program files (x86)/gnu tools arm embedded/4.9 2014q4/bin/../lib/gcc/arm-none-eabi/4.9.3/../../../../arm-none-eabi/lib/armv7-m\libg.a(lib_a-impure.o)
 .data._impure_ptr
                0x20000458        0x4 h:/program files (x86)/gnu tools arm embedded/4.9 2014q4/bin/../lib/gcc/arm-none-eabi/4.9.3/../../../../arm-none-eabi/lib/armv7-m\libg.a(lib_a-impure.o)
                0x20000458                _impure_ptr
 .data.lconv    0x2000045c       0x38 h:/program files (x86)/gnu tools arm embedded/4.9 2014q4/bin/../lib/gcc/arm-none-eabi/4.9.3/../../../../arm-none-eabi/lib/armv7-m\libg.a(lib_a-locale.o)
 .data.lc_ctype_charset
                0x20000494       0x20 h:/program files (x86)/gnu tools arm embedded/4.9 2014q4/bin/../lib/gcc/arm-none-eabi/4.9.3/../../../../arm-none-eabi/lib/armv7-m\libg.a(lib_a-locale.o)
 .data.__mb_cur_max
                0x200004b4        0x4 h:/program files (x86)/gnu tools arm embedded/4.9 2014q4/bin/../lib/gcc/arm-none-eabi/4.9.3/../../../../arm-none-eabi/lib/armv7-m\libg.a(lib_a-locale.o)
                0x200004b4                __mb_cur_max
 .data.__malloc_av_
                0x200004b8      0x408 h:/program files (x86)/gnu tools arm embedded/4.9 2014q4/bin/../lib/gcc/arm-none-eabi/4.9.3/../../../../arm-none-eabi/lib/armv7-m\libg.a(lib_a-mallocr.o)
                0x200004b8                __malloc_av_
 .data.__malloc_trim_threshold
                0x200008c0        0x4 h:/program files (x86)/gnu tools arm embedded/4.9 2014q4/bin/../lib/gcc/arm-none-eabi/4.9.3/../../../../arm-none-eabi/lib/armv7-m\libg.a(lib_a-mallocr.o)
                0x200008c0                __malloc_trim_threshold
 .data.__malloc_sbrk_base
                0x200008c4        0x4 h:/program files (x86)/gnu tools arm embedded/4.9 2014q4/bin/../lib/gcc/arm-none-eabi/4.9.3/../../../../arm-none-eabi/lib/armv7-m\libg.a(lib_a-mallocr.o)
                0x200008c4                __malloc_sbrk_base
 .data.__mbtowc
                0x200008c8        0x4 h:/program files (x86)/gnu tools arm embedded/4.9 2014q4/bin/../lib/gcc/arm-none-eabi/4.9.3/../../../../arm-none-eabi/lib/armv7-m\libg.a(lib_a-mbtowc_r.o)
                0x200008c8                __mbtowc
                0x200008cc                . = ALIGN (0x4)
                0x200008cc                PROVIDE (__preinit_array_start, .)
 *(.preinit_array)
                0x200008cc                PROVIDE (__preinit_array_end, .)
                0x200008cc                . = ALIGN (0x4)
                0x200008cc                PROVIDE (__init_array_start, .)
 *(SORT(.init_array.*))
 *(.init_array)
                0x200008cc                PROVIDE (__init_array_end, .)
                0x200008cc                . = ALIGN (0x4)
                0x200008cc                PROVIDE (__fini_array_start, .)
 *(SORT(.fini_array.*))
 *(.fini_array)
                0x200008cc                PROVIDE (__fini_array_end, .)
 *(.jcr*)
                0x200008cc                . = ALIGN (0x4)
                0x200008cc                __data_end__ = .
                0x200008cc                _edata = __data_end__

.igot.plt       0x200008cc        0x0 load address 0x0800fc04
 .igot.plt      0x00000000        0x0 ..\obj\stm32f10x_rtc.o

.bss            0x200008cc      0x7bc load address 0x0800fc04
                0x200008cc                . = ALIGN (0x4)
                0x200008cc                __bss_start__ = .
                0x200008cc                _sbss = __bss_start__
 *(.bss*)
 .bss           0x200008cc        0x4 ..\obj\delay.o
 .bss           0x200008d0      0x1ac ..\obj\main.o
                0x200008d4                cuenta
                0x200008d8                user
                0x200008e8                pass
                0x200008f8                error
                0x20000908                wCONECTADO
                0x2000090c                hms
                0x2000091c                vali
                0x2000092c                latdeg
                0x2000093c                latdir
                0x2000094c                lngdeg
                0x2000095c                lngdir
                0x2000096c                fecha
                0x2000097c                dato7
                0x2000098c                dato8
                0x2000099c                GPSvalido
                0x200009a0                hmsLog
                0x200009b0                valiLog
                0x200009c0                latdegLog
                0x200009d0                latdirLog
                0x200009e0                lngdegLog
                0x200009f0                lngdirLog
                0x20000a00                fechaLog
                0x20000a10                textoPart
                0x20000a20                textoTem
                0x20000a34                textoHum
                0x20000a48                textoppmCO2
                0x20000a58                textoO3
                0x20000a68                textoCO
                0x20000a78                i1
                0x20000a79                i2
                0x20000a7a                i3
                0x20000a7b                ComasRU1
 .bss           0x20000a7c        0x4 ..\obj\syscalls.o
 .bss           0x20000a80        0x8 ..\obj\ff.o
 .bss           0x20000a88        0xc ..\obj\dht22.o
                0x20000a8c                hMSB
                0x20000a8d                hLSB
                0x20000a8e                tMSB
                0x20000a8f                tLSB
                0x20000a90                parity_rcv
 .bss           0x20000a94        0xc ..\obj\sd_spi_stm32.o
 .bss.__malloc_max_total_mem
                0x20000aa0        0x4 h:/program files (x86)/gnu tools arm embedded/4.9 2014q4/bin/../lib/gcc/arm-none-eabi/4.9.3/../../../../arm-none-eabi/lib/armv7-m\libg.a(lib_a-mallocr.o)
                0x20000aa0                __malloc_max_total_mem
 .bss.__malloc_max_sbrked_mem
                0x20000aa4        0x4 h:/program files (x86)/gnu tools arm embedded/4.9 2014q4/bin/../lib/gcc/arm-none-eabi/4.9.3/../../../../arm-none-eabi/lib/armv7-m\libg.a(lib_a-mallocr.o)
                0x20000aa4                __malloc_max_sbrked_mem
 .bss.__malloc_top_pad
                0x20000aa8        0x4 h:/program files (x86)/gnu tools arm embedded/4.9 2014q4/bin/../lib/gcc/arm-none-eabi/4.9.3/../../../../arm-none-eabi/lib/armv7-m\libg.a(lib_a-mallocr.o)
                0x20000aa8                __malloc_top_pad
 .bss.__malloc_current_mallinfo
                0x20000aac       0x28 h:/program files (x86)/gnu tools arm embedded/4.9 2014q4/bin/../lib/gcc/arm-none-eabi/4.9.3/../../../../arm-none-eabi/lib/armv7-m\libg.a(lib_a-mallocr.o)
                0x20000aac                __malloc_current_mallinfo
 *(COMMON)
 COMMON         0x20000ad4      0x55c ..\obj\main.o
                0x20000ad4                HSEStartUpStatus
                0x20000ad8                TIM_TimeBaseStructure
                0x20000ae2                ppmCO2
                0x20000ae4                FatFs
                0x20000d14                recibido3
                0x20000d94                ADC_InitStructure
                0x20000da8                humedad
                0x20000dac                recibido2
                0x20000db4                FileLOG
                0x20000fd8                GPIO_InitStructure
                0x20000fdc                USART_InitStructure
                0x20000fec                resDHT
                0x20000ff0                temperatura
                0x20000ff4                recibido1
                0x20001028                NVIC_InitStructure
                0x2000102c                resultado
 COMMON         0x20001030       0x54 ..\obj\dht22.o
                0x20001030                PORT
                0x20001034                bits
 COMMON         0x20001084        0x4 h:/program files (x86)/gnu tools arm embedded/4.9 2014q4/bin/../lib/gcc/arm-none-eabi/4.9.3/../../../../arm-none-eabi/lib/armv7-m\libg.a(lib_a-reent.o)
                0x20001084                errno
                0x20001088                . = ALIGN (0x4)
                0x20001088                __bss_end__ = .
                0x20001088                _ebss = __bss_end__

.heap           0x20001088        0x0
                0x20001088                __end__ = .
                0x20001088                _end = __end__
                0x20001088                end = __end__
 *(.heap*)
                0x20001088                __HeapLimit = .

.co_stack       0x20001088      0x400 load address 0x080103c0
                0x20001088                . = ALIGN (0x8)
 *(.co_stack .co_stack.*)
 .co_stack      0x20001088      0x400 ..\obj\startup_stm32f10x_md.o
                0x20001088                pulStack
                0x20005000                __StackTop = (ORIGIN (ram) + 0x5000)
                0x20004c00                __StackLimit = (__StackTop - SIZEOF (.co_stack))
                0x20005000                PROVIDE (__stack, __StackTop)
                0x00000001                ASSERT ((__StackLimit >= __HeapLimit), region ram  overflowed with stack)
LOAD ..\obj\stm32f10x_rtc.o
LOAD ..\obj\delay.o
LOAD ..\obj\stm32f10x_tim.o
LOAD ..\obj\core_cm3.o
LOAD ..\obj\rtc.o
LOAD ..\obj\system_stm32f10x.o
LOAD ..\obj\uart.o
LOAD ..\obj\startup_stm32f10x_md.o
LOAD ..\obj\stm32f10x_pwr.o
LOAD ..\obj\stm32f10x_gpio.o
LOAD ..\obj\main.o
LOAD ..\obj\stm32f10x_rcc.o
LOAD ..\obj\stm32f10x_exti.o
LOAD ..\obj\stm32f10x_adc.o
LOAD ..\obj\stm32f10x_usart.o
LOAD ..\obj\syscalls.o
LOAD ..\obj\ff.o
LOAD ..\obj\dht22.o
LOAD ..\obj\misc.o
LOAD ..\obj\stm32f10x_spi.o
LOAD ..\obj\stm32f10x_i2c.o
LOAD ..\obj\fattime.o
LOAD ..\obj\sd_spi_stm32.o
START GROUP
LOAD h:/program files (x86)/gnu tools arm embedded/4.9 2014q4/bin/../lib/gcc/arm-none-eabi/4.9.3/armv7-m\libgcc.a
LOAD h:/program files (x86)/gnu tools arm embedded/4.9 2014q4/bin/../lib/gcc/arm-none-eabi/4.9.3/../../../../arm-none-eabi/lib/armv7-m\libg.a
LOAD h:/program files (x86)/gnu tools arm embedded/4.9 2014q4/bin/../lib/gcc/arm-none-eabi/4.9.3/../../../../arm-none-eabi/lib/armv7-m\libc.a
END GROUP
OUTPUT(SMCA.elf elf32-littlearm)

.debug_info     0x00000000     0xa093
 .debug_info    0x00000000      0x41e ..\obj\stm32f10x_rtc.o
 .debug_info    0x0000041e      0x5a2 ..\obj\delay.o
 .debug_info    0x000009c0     0x1c42 ..\obj\stm32f10x_tim.o
 .debug_info    0x00002602      0x4f9 ..\obj\rtc.o
 .debug_info    0x00002afb      0x434 ..\obj\system_stm32f10x.o
 .debug_info    0x00002f2f       0xe9 ..\obj\startup_stm32f10x_md.o
 .debug_info    0x00003018      0x6d1 ..\obj\stm32f10x_gpio.o
 .debug_info    0x000036e9     0x13f8 ..\obj\main.o
 .debug_info    0x00004ae1      0x877 ..\obj\stm32f10x_rcc.o
 .debug_info    0x00005358      0xb5e ..\obj\stm32f10x_adc.o
 .debug_info    0x00005eb6      0x9d2 ..\obj\stm32f10x_usart.o
 .debug_info    0x00006888      0x3ee ..\obj\syscalls.o
 .debug_info    0x00006c76     0x18c8 ..\obj\ff.o
 .debug_info    0x0000853e      0x341 ..\obj\dht22.o
 .debug_info    0x0000887f      0x4e9 ..\obj\misc.o
 .debug_info    0x00008d68      0x8dd ..\obj\stm32f10x_spi.o
 .debug_info    0x00009645      0x16c ..\obj\fattime.o
 .debug_info    0x000097b1      0x8e2 ..\obj\sd_spi_stm32.o

.debug_abbrev   0x00000000     0x1c5c
 .debug_abbrev  0x00000000      0x18d ..\obj\stm32f10x_rtc.o
 .debug_abbrev  0x0000018d      0x1b5 ..\obj\delay.o
 .debug_abbrev  0x00000342      0x1b0 ..\obj\stm32f10x_tim.o
 .debug_abbrev  0x000004f2      0x1ff ..\obj\rtc.o
 .debug_abbrev  0x000006f1      0x177 ..\obj\system_stm32f10x.o
 .debug_abbrev  0x00000868       0xa7 ..\obj\startup_stm32f10x_md.o
 .debug_abbrev  0x0000090f      0x1c8 ..\obj\stm32f10x_gpio.o
 .debug_abbrev  0x00000ad7      0x273 ..\obj\main.o
 .debug_abbrev  0x00000d4a      0x1ba ..\obj\stm32f10x_rcc.o
 .debug_abbrev  0x00000f04      0x198 ..\obj\stm32f10x_adc.o
 .debug_abbrev  0x0000109c      0x162 ..\obj\stm32f10x_usart.o
 .debug_abbrev  0x000011fe       0xe2 ..\obj\syscalls.o
 .debug_abbrev  0x000012e0      0x23d ..\obj\ff.o
 .debug_abbrev  0x0000151d      0x16f ..\obj\dht22.o
 .debug_abbrev  0x0000168c      0x154 ..\obj\misc.o
 .debug_abbrev  0x000017e0      0x17e ..\obj\stm32f10x_spi.o
 .debug_abbrev  0x0000195e       0xa3 ..\obj\fattime.o
 .debug_abbrev  0x00001a01      0x25b ..\obj\sd_spi_stm32.o

.debug_aranges  0x00000000      0xd28
 .debug_aranges
                0x00000000       0x88 ..\obj\stm32f10x_rtc.o
 .debug_aranges
                0x00000088       0x40 ..\obj\delay.o
 .debug_aranges
                0x000000c8      0x2f0 ..\obj\stm32f10x_tim.o
 .debug_aranges
                0x000003b8       0x58 ..\obj\rtc.o
 .debug_aranges
                0x00000410       0x38 ..\obj\system_stm32f10x.o
 .debug_aranges
                0x00000448       0x28 ..\obj\startup_stm32f10x_md.o
 .debug_aranges
                0x00000470       0xa8 ..\obj\stm32f10x_gpio.o
 .debug_aranges
                0x00000518       0xe0 ..\obj\main.o
 .debug_aranges
                0x000005f8      0x118 ..\obj\stm32f10x_rcc.o
 .debug_aranges
                0x00000710      0x138 ..\obj\stm32f10x_adc.o
 .debug_aranges
                0x00000848      0x100 ..\obj\stm32f10x_usart.o
 .debug_aranges
                0x00000948       0x60 ..\obj\syscalls.o
 .debug_aranges
                0x000009a8      0x168 ..\obj\ff.o
 .debug_aranges
                0x00000b10       0x40 ..\obj\dht22.o
 .debug_aranges
                0x00000b50       0x40 ..\obj\misc.o
 .debug_aranges
                0x00000b90       0xd0 ..\obj\stm32f10x_spi.o
 .debug_aranges
                0x00000c60       0x20 ..\obj\fattime.o
 .debug_aranges
                0x00000c80       0xa8 ..\obj\sd_spi_stm32.o

.debug_ranges   0x00000000      0xc08
 .debug_ranges  0x00000000       0x78 ..\obj\stm32f10x_rtc.o
 .debug_ranges  0x00000078       0x30 ..\obj\delay.o
 .debug_ranges  0x000000a8      0x2e0 ..\obj\stm32f10x_tim.o
 .debug_ranges  0x00000388       0x48 ..\obj\rtc.o
 .debug_ranges  0x000003d0       0x28 ..\obj\system_stm32f10x.o
 .debug_ranges  0x000003f8       0x18 ..\obj\startup_stm32f10x_md.o
 .debug_ranges  0x00000410       0x98 ..\obj\stm32f10x_gpio.o
 .debug_ranges  0x000004a8       0xd0 ..\obj\main.o
 .debug_ranges  0x00000578      0x108 ..\obj\stm32f10x_rcc.o
 .debug_ranges  0x00000680      0x128 ..\obj\stm32f10x_adc.o
 .debug_ranges  0x000007a8       0xf0 ..\obj\stm32f10x_usart.o
 .debug_ranges  0x00000898       0x50 ..\obj\syscalls.o
 .debug_ranges  0x000008e8      0x158 ..\obj\ff.o
 .debug_ranges  0x00000a40       0x30 ..\obj\dht22.o
 .debug_ranges  0x00000a70       0x30 ..\obj\misc.o
 .debug_ranges  0x00000aa0       0xc0 ..\obj\stm32f10x_spi.o
 .debug_ranges  0x00000b60       0x10 ..\obj\fattime.o
 .debug_ranges  0x00000b70       0x98 ..\obj\sd_spi_stm32.o

.debug_line     0x00000000     0x4e51
 .debug_line    0x00000000      0x2b2 ..\obj\stm32f10x_rtc.o
 .debug_line    0x000002b2      0x21c ..\obj\delay.o
 .debug_line    0x000004ce      0xab7 ..\obj\stm32f10x_tim.o
 .debug_line    0x00000f85      0x2f5 ..\obj\rtc.o
 .debug_line    0x0000127a      0x207 ..\obj\system_stm32f10x.o
 .debug_line    0x00001481       0x9a ..\obj\startup_stm32f10x_md.o
 .debug_line    0x0000151b      0x38f ..\obj\stm32f10x_gpio.o
 .debug_line    0x000018aa      0x687 ..\obj\main.o
 .debug_line    0x00001f31      0x49c ..\obj\stm32f10x_rcc.o
 .debug_line    0x000023cd      0x4fa ..\obj\stm32f10x_adc.o
 .debug_line    0x000028c7      0x472 ..\obj\stm32f10x_usart.o
 .debug_line    0x00002d39      0x168 ..\obj\syscalls.o
 .debug_line    0x00002ea1      0xefa ..\obj\ff.o
 .debug_line    0x00003d9b      0x36b ..\obj\dht22.o
 .debug_line    0x00004106      0x21d ..\obj\misc.o
 .debug_line    0x00004323      0x3fa ..\obj\stm32f10x_spi.o
 .debug_line    0x0000471d      0x172 ..\obj\fattime.o
 .debug_line    0x0000488f      0x5c2 ..\obj\sd_spi_stm32.o

.debug_str      0x00000000     0x3757
 .debug_str     0x00000000      0x319 ..\obj\stm32f10x_rtc.o
                                0x390 (size before relaxing)
 .debug_str     0x00000319      0x406 ..\obj\delay.o
                                0x582 (size before relaxing)
 .debug_str     0x0000071f      0xb78 ..\obj\stm32f10x_tim.o
                                0xdcb (size before relaxing)
 .debug_str     0x00001297      0x12f ..\obj\rtc.o
                                0x2ef (size before relaxing)
 .debug_str     0x000013c6      0x101 ..\obj\system_stm32f10x.o
                                0x2cd (size before relaxing)
 .debug_str     0x000014c7       0xa8 ..\obj\startup_stm32f10x_md.o
                                0x13f (size before relaxing)
 .debug_str     0x0000156f      0x376 ..\obj\stm32f10x_gpio.o
                                0x507 (size before relaxing)
 .debug_str     0x000018e5      0x797 ..\obj\main.o
                                0xeb7 (size before relaxing)
 .debug_str     0x0000207c      0x3c6 ..\obj\stm32f10x_rcc.o
                                0x608 (size before relaxing)
 .debug_str     0x00002442      0x46b ..\obj\stm32f10x_adc.o
                                0x6e9 (size before relaxing)
 .debug_str     0x000028ad      0x393 ..\obj\stm32f10x_usart.o
                                0x67e (size before relaxing)
 .debug_str     0x00002c40      0x13d ..\obj\syscalls.o
                                0x2b9 (size before relaxing)
 .debug_str     0x00002d7d      0x340 ..\obj\ff.o
                                0x6ba (size before relaxing)
 .debug_str     0x000030bd       0xb9 ..\obj\dht22.o
                                0x353 (size before relaxing)
 .debug_str     0x00003176       0xfc ..\obj\misc.o
                                0x3a6 (size before relaxing)
 .debug_str     0x00003272      0x361 ..\obj\stm32f10x_spi.o
                                0x5eb (size before relaxing)
 .debug_str     0x000035d3       0x3a ..\obj\fattime.o
                                0x1a1 (size before relaxing)
 .debug_str     0x0000360d      0x14a ..\obj\sd_spi_stm32.o
                                0x56e (size before relaxing)

.comment        0x00000000       0x70
 .comment       0x00000000       0x70 ..\obj\stm32f10x_rtc.o
                                 0x71 (size before relaxing)
 .comment       0x00000000       0x71 ..\obj\delay.o
 .comment       0x00000000       0x71 ..\obj\stm32f10x_tim.o
 .comment       0x00000000       0x71 ..\obj\rtc.o
 .comment       0x00000000       0x71 ..\obj\system_stm32f10x.o
 .comment       0x00000000       0x71 ..\obj\startup_stm32f10x_md.o
 .comment       0x00000000       0x71 ..\obj\stm32f10x_gpio.o
 .comment       0x00000000       0x71 ..\obj\main.o
 .comment       0x00000000       0x71 ..\obj\stm32f10x_rcc.o
 .comment       0x00000000       0x71 ..\obj\stm32f10x_adc.o
 .comment       0x00000000       0x71 ..\obj\stm32f10x_usart.o
 .comment       0x00000000       0x71 ..\obj\syscalls.o
 .comment       0x00000000       0x71 ..\obj\ff.o
 .comment       0x00000000       0x71 ..\obj\dht22.o
 .comment       0x00000000       0x71 ..\obj\misc.o
 .comment       0x00000000       0x71 ..\obj\stm32f10x_spi.o
 .comment       0x00000000       0x71 ..\obj\fattime.o
 .comment       0x00000000       0x71 ..\obj\sd_spi_stm32.o

.ARM.attributes
                0x00000000       0x31
 .ARM.attributes
                0x00000000       0x33 ..\obj\stm32f10x_rtc.o
 .ARM.attributes
                0x00000033       0x33 ..\obj\delay.o
 .ARM.attributes
                0x00000066       0x33 ..\obj\stm32f10x_tim.o
 .ARM.attributes
                0x00000099       0x33 ..\obj\rtc.o
 .ARM.attributes
                0x000000cc       0x33 ..\obj\system_stm32f10x.o
 .ARM.attributes
                0x000000ff       0x33 ..\obj\startup_stm32f10x_md.o
 .ARM.attributes
                0x00000132       0x33 ..\obj\stm32f10x_gpio.o
 .ARM.attributes
                0x00000165       0x33 ..\obj\main.o
 .ARM.attributes
                0x00000198       0x33 ..\obj\stm32f10x_rcc.o
 .ARM.attributes
                0x000001cb       0x33 ..\obj\stm32f10x_adc.o
 .ARM.attributes
                0x000001fe       0x33 ..\obj\stm32f10x_usart.o
 .ARM.attributes
                0x00000231       0x33 ..\obj\syscalls.o
 .ARM.attributes
                0x00000264       0x33 ..\obj\ff.o
 .ARM.attributes
                0x00000297       0x33 ..\obj\dht22.o
 .ARM.attributes
                0x000002ca       0x33 ..\obj\misc.o
 .ARM.attributes
                0x000002fd       0x33 ..\obj\stm32f10x_spi.o
 .ARM.attributes
                0x00000330       0x33 ..\obj\fattime.o
 .ARM.attributes
                0x00000363       0x33 ..\obj\sd_spi_stm32.o
 .ARM.attributes
                0x00000396       0x2d h:/program files (x86)/gnu tools arm embedded/4.9 2014q4/bin/../lib/gcc/arm-none-eabi/4.9.3/../../../../arm-none-eabi/lib/armv7-m\libg.a(lib_a-memcmp.o)
 .ARM.attributes
                0x000003c3       0x1b h:/program files (x86)/gnu tools arm embedded/4.9 2014q4/bin/../lib/gcc/arm-none-eabi/4.9.3/../../../../arm-none-eabi/lib/armv7-m\libg.a(lib_a-memcpy.o)
 .ARM.attributes
                0x000003de       0x2d h:/program files (x86)/gnu tools arm embedded/4.9 2014q4/bin/../lib/gcc/arm-none-eabi/4.9.3/../../../../arm-none-eabi/lib/armv7-m\libg.a(lib_a-memset.o)
 .ARM.attributes
                0x0000040b       0x2d h:/program files (x86)/gnu tools arm embedded/4.9 2014q4/bin/../lib/gcc/arm-none-eabi/4.9.3/../../../../arm-none-eabi/lib/armv7-m\libg.a(lib_a-sprintf.o)
 .ARM.attributes
                0x00000438       0x2d h:/program files (x86)/gnu tools arm embedded/4.9 2014q4/bin/../lib/gcc/arm-none-eabi/4.9.3/../../../../arm-none-eabi/lib/armv7-m\libg.a(lib_a-sscanf.o)
 .ARM.attributes
                0x00000465       0x2d h:/program files (x86)/gnu tools arm embedded/4.9 2014q4/bin/../lib/gcc/arm-none-eabi/4.9.3/../../../../arm-none-eabi/lib/armv7-m\libg.a(lib_a-stdio.o)
 .ARM.attributes
                0x00000492       0x2d h:/program files (x86)/gnu tools arm embedded/4.9 2014q4/bin/../lib/gcc/arm-none-eabi/4.9.3/../../../../arm-none-eabi/lib/armv7-m\libg.a(lib_a-strchr.o)
 .ARM.attributes
                0x000004bf       0x2d h:/program files (x86)/gnu tools arm embedded/4.9 2014q4/bin/../lib/gcc/arm-none-eabi/4.9.3/../../../../arm-none-eabi/lib/armv7-m\libg.a(lib_a-strcpy.o)
 .ARM.attributes
                0x000004ec       0x2d h:/program files (x86)/gnu tools arm embedded/4.9 2014q4/bin/../lib/gcc/arm-none-eabi/4.9.3/../../../../arm-none-eabi/lib/armv7-m\libg.a(lib_a-strlen.o)
 .ARM.attributes
                0x00000519       0x2d h:/program files (x86)/gnu tools arm embedded/4.9 2014q4/bin/../lib/gcc/arm-none-eabi/4.9.3/../../../../arm-none-eabi/lib/armv7-m\libg.a(lib_a-strstr.o)
 .ARM.attributes
                0x00000546       0x2d h:/program files (x86)/gnu tools arm embedded/4.9 2014q4/bin/../lib/gcc/arm-none-eabi/4.9.3/../../../../arm-none-eabi/lib/armv7-m\libg.a(lib_a-strtok.o)
 .ARM.attributes
                0x00000573       0x2d h:/program files (x86)/gnu tools arm embedded/4.9 2014q4/bin/../lib/gcc/arm-none-eabi/4.9.3/../../../../arm-none-eabi/lib/armv7-m\libg.a(lib_a-strtok_r.o)
 .ARM.attributes
                0x000005a0       0x2d h:/program files (x86)/gnu tools arm embedded/4.9 2014q4/bin/../lib/gcc/arm-none-eabi/4.9.3/../../../../arm-none-eabi/lib/armv7-m\libg.a(lib_a-svfprintf.o)
 .ARM.attributes
                0x000005cd       0x2d h:/program files (x86)/gnu tools arm embedded/4.9 2014q4/bin/../lib/gcc/arm-none-eabi/4.9.3/../../../../arm-none-eabi/lib/armv7-m\libg.a(lib_a-svfscanf.o)
 .ARM.attributes
                0x000005fa       0x2d h:/program files (x86)/gnu tools arm embedded/4.9 2014q4/bin/../lib/gcc/arm-none-eabi/4.9.3/../../../../arm-none-eabi/lib/armv7-m\libg.a(lib_a-ctype_.o)
 .ARM.attributes
                0x00000627       0x2d h:/program files (x86)/gnu tools arm embedded/4.9 2014q4/bin/../lib/gcc/arm-none-eabi/4.9.3/../../../../arm-none-eabi/lib/armv7-m\libg.a(lib_a-dtoa.o)
 .ARM.attributes
                0x00000654       0x2d h:/program files (x86)/gnu tools arm embedded/4.9 2014q4/bin/../lib/gcc/arm-none-eabi/4.9.3/../../../../arm-none-eabi/lib/armv7-m\libg.a(lib_a-impure.o)
 .ARM.attributes
                0x00000681       0x2d h:/program files (x86)/gnu tools arm embedded/4.9 2014q4/bin/../lib/gcc/arm-none-eabi/4.9.3/../../../../arm-none-eabi/lib/armv7-m\libg.a(lib_a-iswspace.o)
 .ARM.attributes
                0x000006ae       0x2d h:/program files (x86)/gnu tools arm embedded/4.9 2014q4/bin/../lib/gcc/arm-none-eabi/4.9.3/../../../../arm-none-eabi/lib/armv7-m\libg.a(lib_a-locale.o)
 .ARM.attributes
                0x000006db       0x2d h:/program files (x86)/gnu tools arm embedded/4.9 2014q4/bin/../lib/gcc/arm-none-eabi/4.9.3/../../../../arm-none-eabi/lib/armv7-m\libg.a(lib_a-mallocr.o)
 .ARM.attributes
                0x00000708       0x2d h:/program files (x86)/gnu tools arm embedded/4.9 2014q4/bin/../lib/gcc/arm-none-eabi/4.9.3/../../../../arm-none-eabi/lib/armv7-m\libg.a(lib_a-mbrtowc.o)
 .ARM.attributes
                0x00000735       0x2d h:/program files (x86)/gnu tools arm embedded/4.9 2014q4/bin/../lib/gcc/arm-none-eabi/4.9.3/../../../../arm-none-eabi/lib/armv7-m\libg.a(lib_a-mbtowc_r.o)
 .ARM.attributes
                0x00000762       0x2d h:/program files (x86)/gnu tools arm embedded/4.9 2014q4/bin/../lib/gcc/arm-none-eabi/4.9.3/../../../../arm-none-eabi/lib/armv7-m\libg.a(lib_a-memchr.o)
 .ARM.attributes
                0x0000078f       0x2d h:/program files (x86)/gnu tools arm embedded/4.9 2014q4/bin/../lib/gcc/arm-none-eabi/4.9.3/../../../../arm-none-eabi/lib/armv7-m\libg.a(lib_a-mlock.o)
 .ARM.attributes
                0x000007bc       0x2d h:/program files (x86)/gnu tools arm embedded/4.9 2014q4/bin/../lib/gcc/arm-none-eabi/4.9.3/../../../../arm-none-eabi/lib/armv7-m\libg.a(lib_a-mprec.o)
 .ARM.attributes
                0x000007e9       0x2d h:/program files (x86)/gnu tools arm embedded/4.9 2014q4/bin/../lib/gcc/arm-none-eabi/4.9.3/../../../../arm-none-eabi/lib/armv7-m\libg.a(lib_a-reent.o)
 .ARM.attributes
                0x00000816       0x2d h:/program files (x86)/gnu tools arm embedded/4.9 2014q4/bin/../lib/gcc/arm-none-eabi/4.9.3/../../../../arm-none-eabi/lib/armv7-m\libg.a(lib_a-s_fpclassify.o)
 .ARM.attributes
                0x00000843       0x2d h:/program files (x86)/gnu tools arm embedded/4.9 2014q4/bin/../lib/gcc/arm-none-eabi/4.9.3/../../../../arm-none-eabi/lib/armv7-m\libg.a(lib_a-sbrkr.o)
 .ARM.attributes
                0x00000870       0x2d h:/program files (x86)/gnu tools arm embedded/4.9 2014q4/bin/../lib/gcc/arm-none-eabi/4.9.3/../../../../arm-none-eabi/lib/armv7-m\libg.a(lib_a-sccl.o)
 .ARM.attributes
                0x0000089d       0x2d h:/program files (x86)/gnu tools arm embedded/4.9 2014q4/bin/../lib/gcc/arm-none-eabi/4.9.3/../../../../arm-none-eabi/lib/armv7-m\libg.a(lib_a-sf_nan.o)
 .ARM.attributes
                0x000008ca       0x2d h:/program files (x86)/gnu tools arm embedded/4.9 2014q4/bin/../lib/gcc/arm-none-eabi/4.9.3/../../../../arm-none-eabi/lib/armv7-m\libg.a(lib_a-strtod.o)
 .ARM.attributes
                0x000008f7       0x2d h:/program files (x86)/gnu tools arm embedded/4.9 2014q4/bin/../lib/gcc/arm-none-eabi/4.9.3/../../../../arm-none-eabi/lib/armv7-m\libg.a(lib_a-strtol.o)
 .ARM.attributes
                0x00000924       0x2d h:/program files (x86)/gnu tools arm embedded/4.9 2014q4/bin/../lib/gcc/arm-none-eabi/4.9.3/../../../../arm-none-eabi/lib/armv7-m\libg.a(lib_a-strtoll_r.o)
 .ARM.attributes
                0x00000951       0x2d h:/program files (x86)/gnu tools arm embedded/4.9 2014q4/bin/../lib/gcc/arm-none-eabi/4.9.3/../../../../arm-none-eabi/lib/armv7-m\libg.a(lib_a-strtoul.o)
 .ARM.attributes
                0x0000097e       0x2d h:/program files (x86)/gnu tools arm embedded/4.9 2014q4/bin/../lib/gcc/arm-none-eabi/4.9.3/../../../../arm-none-eabi/lib/armv7-m\libg.a(lib_a-strtoull_r.o)
 .ARM.attributes
                0x000009ab       0x2d h:/program files (x86)/gnu tools arm embedded/4.9 2014q4/bin/../lib/gcc/arm-none-eabi/4.9.3/../../../../arm-none-eabi/lib/armv7-m\libg.a(lib_a-svfiprintf.o)
 .ARM.attributes
                0x000009d8       0x2d h:/program files (x86)/gnu tools arm embedded/4.9 2014q4/bin/../lib/gcc/arm-none-eabi/4.9.3/../../../../arm-none-eabi/lib/armv7-m\libg.a(lib_a-svfiscanf.o)
 .ARM.attributes
                0x00000a05       0x2d h:/program files (x86)/gnu tools arm embedded/4.9 2014q4/bin/../lib/gcc/arm-none-eabi/4.9.3/../../../../arm-none-eabi/lib/armv7-m\libg.a(lib_a-ungetc.o)
 .ARM.attributes
                0x00000a32       0x2d h:/program files (x86)/gnu tools arm embedded/4.9 2014q4/bin/../lib/gcc/arm-none-eabi/4.9.3/../../../../arm-none-eabi/lib/armv7-m\libg.a(lib_a-callocr.o)
 .ARM.attributes
                0x00000a5f       0x2d h:/program files (x86)/gnu tools arm embedded/4.9 2014q4/bin/../lib/gcc/arm-none-eabi/4.9.3/../../../../arm-none-eabi/lib/armv7-m\libg.a(lib_a-freer.o)
 .ARM.attributes
                0x00000a8c       0x2d h:/program files (x86)/gnu tools arm embedded/4.9 2014q4/bin/../lib/gcc/arm-none-eabi/4.9.3/../../../../arm-none-eabi/lib/armv7-m\libg.a(lib_a-gdtoa-gethex.o)
 .ARM.attributes
                0x00000ab9       0x2d h:/program files (x86)/gnu tools arm embedded/4.9 2014q4/bin/../lib/gcc/arm-none-eabi/4.9.3/../../../../arm-none-eabi/lib/armv7-m\libg.a(lib_a-gdtoa-hexnan.o)
 .ARM.attributes
                0x00000ae6       0x2d h:/program files (x86)/gnu tools arm embedded/4.9 2014q4/bin/../lib/gcc/arm-none-eabi/4.9.3/../../../../arm-none-eabi/lib/armv7-m\libg.a(lib_a-memmove.o)
 .ARM.attributes
                0x00000b13       0x2d h:/program files (x86)/gnu tools arm embedded/4.9 2014q4/bin/../lib/gcc/arm-none-eabi/4.9.3/../../../../arm-none-eabi/lib/armv7-m\libg.a(lib_a-reallocr.o)
 .ARM.attributes
                0x00000b40       0x2d h:/program files (x86)/gnu tools arm embedded/4.9 2014q4/bin/../lib/gcc/arm-none-eabi/4.9.3/../../../../arm-none-eabi/lib/armv7-m\libg.a(lib_a-strncmp.o)
 .ARM.attributes
                0x00000b6d       0x1d h:/program files (x86)/gnu tools arm embedded/4.9 2014q4/bin/../lib/gcc/arm-none-eabi/4.9.3/armv7-m\libgcc.a(_arm_addsubdf3.o)
 .ARM.attributes
                0x00000b8a       0x1d h:/program files (x86)/gnu tools arm embedded/4.9 2014q4/bin/../lib/gcc/arm-none-eabi/4.9.3/armv7-m\libgcc.a(_arm_muldivdf3.o)
 .ARM.attributes
                0x00000ba7       0x1d h:/program files (x86)/gnu tools arm embedded/4.9 2014q4/bin/../lib/gcc/arm-none-eabi/4.9.3/armv7-m\libgcc.a(_arm_cmpdf2.o)
 .ARM.attributes
                0x00000bc4       0x1d h:/program files (x86)/gnu tools arm embedded/4.9 2014q4/bin/../lib/gcc/arm-none-eabi/4.9.3/armv7-m\libgcc.a(_arm_fixdfsi.o)
 .ARM.attributes
                0x00000be1       0x1d h:/program files (x86)/gnu tools arm embedded/4.9 2014q4/bin/../lib/gcc/arm-none-eabi/4.9.3/armv7-m\libgcc.a(_arm_fixunsdfsi.o)
 .ARM.attributes
                0x00000bfe       0x1d h:/program files (x86)/gnu tools arm embedded/4.9 2014q4/bin/../lib/gcc/arm-none-eabi/4.9.3/armv7-m\libgcc.a(_arm_truncdfsf2.o)
 .ARM.attributes
                0x00000c1b       0x1d h:/program files (x86)/gnu tools arm embedded/4.9 2014q4/bin/../lib/gcc/arm-none-eabi/4.9.3/armv7-m\libgcc.a(_aeabi_uldivmod.o)
 .ARM.attributes
                0x00000c38       0x2d h:/program files (x86)/gnu tools arm embedded/4.9 2014q4/bin/../lib/gcc/arm-none-eabi/4.9.3/armv7-m\libgcc.a(bpabi.o)
 .ARM.attributes
                0x00000c65       0x1d h:/program files (x86)/gnu tools arm embedded/4.9 2014q4/bin/../lib/gcc/arm-none-eabi/4.9.3/armv7-m\libgcc.a(_dvmd_tls.o)
 .ARM.attributes
                0x00000c82       0x2d h:/program files (x86)/gnu tools arm embedded/4.9 2014q4/bin/../lib/gcc/arm-none-eabi/4.9.3/armv7-m\libgcc.a(_divdi3.o)
 .ARM.attributes
                0x00000caf       0x2d h:/program files (x86)/gnu tools arm embedded/4.9 2014q4/bin/../lib/gcc/arm-none-eabi/4.9.3/armv7-m\libgcc.a(_udivdi3.o)

.debug_frame    0x00000000     0x4970
 .debug_frame   0x00000000      0x214 ..\obj\stm32f10x_rtc.o
 .debug_frame   0x00000214       0xc4 ..\obj\delay.o
 .debug_frame   0x000002d8      0xe2c ..\obj\stm32f10x_tim.o
 .debug_frame   0x00001104      0x13c ..\obj\rtc.o
 .debug_frame   0x00001240       0x98 ..\obj\system_stm32f10x.o
 .debug_frame   0x000012d8       0x4c ..\obj\startup_stm32f10x_md.o
 .debug_frame   0x00001324      0x2d0 ..\obj\stm32f10x_gpio.o
 .debug_frame   0x000015f4      0x380 ..\obj\main.o
 .debug_frame   0x00001974      0x4f4 ..\obj\stm32f10x_rcc.o
 .debug_frame   0x00001e68      0x5a4 ..\obj\stm32f10x_adc.o
 .debug_frame   0x0000240c      0x490 ..\obj\stm32f10x_usart.o
 .debug_frame   0x0000289c      0x168 ..\obj\syscalls.o
 .debug_frame   0x00002a04      0x64c ..\obj\ff.o
 .debug_frame   0x00003050       0xb8 ..\obj\dht22.o
 .debug_frame   0x00003108       0xd8 ..\obj\misc.o
 .debug_frame   0x000031e0      0x3a0 ..\obj\stm32f10x_spi.o
 .debug_frame   0x00003580       0x34 ..\obj\fattime.o
 .debug_frame   0x000035b4      0x29c ..\obj\sd_spi_stm32.o
 .debug_frame   0x00003850       0x38 h:/program files (x86)/gnu tools arm embedded/4.9 2014q4/bin/../lib/gcc/arm-none-eabi/4.9.3/../../../../arm-none-eabi/lib/armv7-m\libg.a(lib_a-memcmp.o)
 .debug_frame   0x00003888       0x34 h:/program files (x86)/gnu tools arm embedded/4.9 2014q4/bin/../lib/gcc/arm-none-eabi/4.9.3/../../../../arm-none-eabi/lib/armv7-m\libg.a(lib_a-memset.o)
 .debug_frame   0x000038bc       0x84 h:/program files (x86)/gnu tools arm embedded/4.9 2014q4/bin/../lib/gcc/arm-none-eabi/4.9.3/../../../../arm-none-eabi/lib/armv7-m\libg.a(lib_a-sprintf.o)
 .debug_frame   0x00003940       0x88 h:/program files (x86)/gnu tools arm embedded/4.9 2014q4/bin/../lib/gcc/arm-none-eabi/4.9.3/../../../../arm-none-eabi/lib/armv7-m\libg.a(lib_a-sscanf.o)
 .debug_frame   0x000039c8       0x88 h:/program files (x86)/gnu tools arm embedded/4.9 2014q4/bin/../lib/gcc/arm-none-eabi/4.9.3/../../../../arm-none-eabi/lib/armv7-m\libg.a(lib_a-stdio.o)
 .debug_frame   0x00003a50       0x4c h:/program files (x86)/gnu tools arm embedded/4.9 2014q4/bin/../lib/gcc/arm-none-eabi/4.9.3/../../../../arm-none-eabi/lib/armv7-m\libg.a(lib_a-strchr.o)
 .debug_frame   0x00003a9c       0x20 h:/program files (x86)/gnu tools arm embedded/4.9 2014q4/bin/../lib/gcc/arm-none-eabi/4.9.3/../../../../arm-none-eabi/lib/armv7-m\libg.a(lib_a-strcpy.o)
 .debug_frame   0x00003abc       0x20 h:/program files (x86)/gnu tools arm embedded/4.9 2014q4/bin/../lib/gcc/arm-none-eabi/4.9.3/../../../../arm-none-eabi/lib/armv7-m\libg.a(lib_a-strlen.o)
 .debug_frame   0x00003adc       0xd8 h:/program files (x86)/gnu tools arm embedded/4.9 2014q4/bin/../lib/gcc/arm-none-eabi/4.9.3/../../../../arm-none-eabi/lib/armv7-m\libg.a(lib_a-strstr.o)
 .debug_frame   0x00003bb4       0x20 h:/program files (x86)/gnu tools arm embedded/4.9 2014q4/bin/../lib/gcc/arm-none-eabi/4.9.3/../../../../arm-none-eabi/lib/armv7-m\libg.a(lib_a-strtok.o)
 .debug_frame   0x00003bd4       0x48 h:/program files (x86)/gnu tools arm embedded/4.9 2014q4/bin/../lib/gcc/arm-none-eabi/4.9.3/../../../../arm-none-eabi/lib/armv7-m\libg.a(lib_a-strtok_r.o)
 .debug_frame   0x00003c1c       0x40 h:/program files (x86)/gnu tools arm embedded/4.9 2014q4/bin/../lib/gcc/arm-none-eabi/4.9.3/../../../../arm-none-eabi/lib/armv7-m\libg.a(lib_a-svfprintf.o)
 .debug_frame   0x00003c5c       0x50 h:/program files (x86)/gnu tools arm embedded/4.9 2014q4/bin/../lib/gcc/arm-none-eabi/4.9.3/../../../../arm-none-eabi/lib/armv7-m\libg.a(lib_a-svfscanf.o)
 .debug_frame   0x00003cac       0x84 h:/program files (x86)/gnu tools arm embedded/4.9 2014q4/bin/../lib/gcc/arm-none-eabi/4.9.3/../../../../arm-none-eabi/lib/armv7-m\libg.a(lib_a-dtoa.o)
 .debug_frame   0x00003d30       0x20 h:/program files (x86)/gnu tools arm embedded/4.9 2014q4/bin/../lib/gcc/arm-none-eabi/4.9.3/../../../../arm-none-eabi/lib/armv7-m\libg.a(lib_a-iswspace.o)
 .debug_frame   0x00003d50       0x9c h:/program files (x86)/gnu tools arm embedded/4.9 2014q4/bin/../lib/gcc/arm-none-eabi/4.9.3/../../../../arm-none-eabi/lib/armv7-m\libg.a(lib_a-locale.o)
 .debug_frame   0x00003dec       0x54 h:/program files (x86)/gnu tools arm embedded/4.9 2014q4/bin/../lib/gcc/arm-none-eabi/4.9.3/../../../../arm-none-eabi/lib/armv7-m\libg.a(lib_a-mallocr.o)
 .debug_frame   0x00003e40       0x68 h:/program files (x86)/gnu tools arm embedded/4.9 2014q4/bin/../lib/gcc/arm-none-eabi/4.9.3/../../../../arm-none-eabi/lib/armv7-m\libg.a(lib_a-mbrtowc.o)
 .debug_frame   0x00003ea8       0x58 h:/program files (x86)/gnu tools arm embedded/4.9 2014q4/bin/../lib/gcc/arm-none-eabi/4.9.3/../../../../arm-none-eabi/lib/armv7-m\libg.a(lib_a-mbtowc_r.o)
 .debug_frame   0x00003f00       0x3c h:/program files (x86)/gnu tools arm embedded/4.9 2014q4/bin/../lib/gcc/arm-none-eabi/4.9.3/../../../../arm-none-eabi/lib/armv7-m\libg.a(lib_a-memchr.o)
 .debug_frame   0x00003f3c       0x30 h:/program files (x86)/gnu tools arm embedded/4.9 2014q4/bin/../lib/gcc/arm-none-eabi/4.9.3/../../../../arm-none-eabi/lib/armv7-m\libg.a(lib_a-mlock.o)
 .debug_frame   0x00003f6c      0x268 h:/program files (x86)/gnu tools arm embedded/4.9 2014q4/bin/../lib/gcc/arm-none-eabi/4.9.3/../../../../arm-none-eabi/lib/armv7-m\libg.a(lib_a-mprec.o)
 .debug_frame   0x000041d4       0x58 h:/program files (x86)/gnu tools arm embedded/4.9 2014q4/bin/../lib/gcc/arm-none-eabi/4.9.3/../../../../arm-none-eabi/lib/armv7-m\libg.a(lib_a-reent.o)
 .debug_frame   0x0000422c       0x34 h:/program files (x86)/gnu tools arm embedded/4.9 2014q4/bin/../lib/gcc/arm-none-eabi/4.9.3/../../../../arm-none-eabi/lib/armv7-m\libg.a(lib_a-s_fpclassify.o)
 .debug_frame   0x00004260       0x2c h:/program files (x86)/gnu tools arm embedded/4.9 2014q4/bin/../lib/gcc/arm-none-eabi/4.9.3/../../../../arm-none-eabi/lib/armv7-m\libg.a(lib_a-sbrkr.o)
 .debug_frame   0x0000428c       0x44 h:/program files (x86)/gnu tools arm embedded/4.9 2014q4/bin/../lib/gcc/arm-none-eabi/4.9.3/../../../../arm-none-eabi/lib/armv7-m\libg.a(lib_a-sccl.o)
 .debug_frame   0x000042d0       0x20 h:/program files (x86)/gnu tools arm embedded/4.9 2014q4/bin/../lib/gcc/arm-none-eabi/4.9.3/../../../../arm-none-eabi/lib/armv7-m\libg.a(lib_a-sf_nan.o)
 .debug_frame   0x000042f0       0x94 h:/program files (x86)/gnu tools arm embedded/4.9 2014q4/bin/../lib/gcc/arm-none-eabi/4.9.3/../../../../arm-none-eabi/lib/armv7-m\libg.a(lib_a-strtod.o)
 .debug_frame   0x00004384       0x54 h:/program files (x86)/gnu tools arm embedded/4.9 2014q4/bin/../lib/gcc/arm-none-eabi/4.9.3/../../../../arm-none-eabi/lib/armv7-m\libg.a(lib_a-strtol.o)
 .debug_frame   0x000043d8       0x40 h:/program files (x86)/gnu tools arm embedded/4.9 2014q4/bin/../lib/gcc/arm-none-eabi/4.9.3/../../../../arm-none-eabi/lib/armv7-m\libg.a(lib_a-strtoll_r.o)
 .debug_frame   0x00004418       0x54 h:/program files (x86)/gnu tools arm embedded/4.9 2014q4/bin/../lib/gcc/arm-none-eabi/4.9.3/../../../../arm-none-eabi/lib/armv7-m\libg.a(lib_a-strtoul.o)
 .debug_frame   0x0000446c       0x40 h:/program files (x86)/gnu tools arm embedded/4.9 2014q4/bin/../lib/gcc/arm-none-eabi/4.9.3/../../../../arm-none-eabi/lib/armv7-m\libg.a(lib_a-strtoull_r.o)
 .debug_frame   0x000044ac       0x78 h:/program files (x86)/gnu tools arm embedded/4.9 2014q4/bin/../lib/gcc/arm-none-eabi/4.9.3/../../../../arm-none-eabi/lib/armv7-m\libg.a(lib_a-svfiprintf.o)
 .debug_frame   0x00004524       0xd8 h:/program files (x86)/gnu tools arm embedded/4.9 2014q4/bin/../lib/gcc/arm-none-eabi/4.9.3/../../../../arm-none-eabi/lib/armv7-m\libg.a(lib_a-svfiscanf.o)
 .debug_frame   0x000045fc       0x60 h:/program files (x86)/gnu tools arm embedded/4.9 2014q4/bin/../lib/gcc/arm-none-eabi/4.9.3/../../../../arm-none-eabi/lib/armv7-m\libg.a(lib_a-ungetc.o)
 .debug_frame   0x0000465c       0x28 h:/program files (x86)/gnu tools arm embedded/4.9 2014q4/bin/../lib/gcc/arm-none-eabi/4.9.3/../../../../arm-none-eabi/lib/armv7-m\libg.a(lib_a-callocr.o)
 .debug_frame   0x00004684       0x74 h:/program files (x86)/gnu tools arm embedded/4.9 2014q4/bin/../lib/gcc/arm-none-eabi/4.9.3/../../../../arm-none-eabi/lib/armv7-m\libg.a(lib_a-freer.o)
 .debug_frame   0x000046f8       0x6c h:/program files (x86)/gnu tools arm embedded/4.9 2014q4/bin/../lib/gcc/arm-none-eabi/4.9.3/../../../../arm-none-eabi/lib/armv7-m\libg.a(lib_a-gdtoa-gethex.o)
 .debug_frame   0x00004764       0x4c h:/program files (x86)/gnu tools arm embedded/4.9 2014q4/bin/../lib/gcc/arm-none-eabi/4.9.3/../../../../arm-none-eabi/lib/armv7-m\libg.a(lib_a-gdtoa-hexnan.o)
 .debug_frame   0x000047b0       0x30 h:/program files (x86)/gnu tools arm embedded/4.9 2014q4/bin/../lib/gcc/arm-none-eabi/4.9.3/../../../../arm-none-eabi/lib/armv7-m\libg.a(lib_a-memmove.o)
 .debug_frame   0x000047e0       0x58 h:/program files (x86)/gnu tools arm embedded/4.9 2014q4/bin/../lib/gcc/arm-none-eabi/4.9.3/../../../../arm-none-eabi/lib/armv7-m\libg.a(lib_a-reallocr.o)
 .debug_frame   0x00004838       0x54 h:/program files (x86)/gnu tools arm embedded/4.9 2014q4/bin/../lib/gcc/arm-none-eabi/4.9.3/../../../../arm-none-eabi/lib/armv7-m\libg.a(lib_a-strncmp.o)
 .debug_frame   0x0000488c       0x28 h:/program files (x86)/gnu tools arm embedded/4.9 2014q4/bin/../lib/gcc/arm-none-eabi/4.9.3/armv7-m\libgcc.a(_aeabi_uldivmod.o)
 .debug_frame   0x000048b4       0x54 h:/program files (x86)/gnu tools arm embedded/4.9 2014q4/bin/../lib/gcc/arm-none-eabi/4.9.3/armv7-m\libgcc.a(bpabi.o)
 .debug_frame   0x00004908       0x34 h:/program files (x86)/gnu tools arm embedded/4.9 2014q4/bin/../lib/gcc/arm-none-eabi/4.9.3/armv7-m\libgcc.a(_divdi3.o)
 .debug_frame   0x0000493c       0x34 h:/program files (x86)/gnu tools arm embedded/4.9 2014q4/bin/../lib/gcc/arm-none-eabi/4.9.3/armv7-m\libgcc.a(_udivdi3.o)
